
 Start         Length     Name                   Class
 0001:00000000 0009B164H .text                   CODE
 0002:00000000 00003EF0H .data                   DATA
 0002:00003EF0 00002011H .bss                    BSS


Detailed map of segments

 0001:00000000 00005DAB C=CODE     S=.text    G=(none)   M=System   ACBP=A9
 0001:00005DAC 00000140 C=CODE     S=.text    G=(none)   M=SysInit  ACBP=A9
 0001:00005EEC 00000078 C=CODE     S=.text    G=(none)   M=Types    ACBP=A9
 0001:00005F64 00000D2C C=CODE     S=.text    G=(none)   M=Windows  ACBP=A9
 0001:00006C90 00000134 C=CODE     S=.text    G=(none)   M=madTypes ACBP=A9
 0001:00006DC4 0000188C C=CODE     S=.text    G=(none)   M=madStrings ACBP=A9
 0001:00008650 00000038 C=CODE     S=.text    G=(none)   M=Messages ACBP=A9
 0001:00008688 000017CF C=CODE     S=.text    G=(none)   M=madTools ACBP=A9
 0001:00009E58 00002590 C=CODE     S=.text    G=(none)   M=madDisAsm ACBP=A9
 0001:0000C3E8 00002290 C=CODE     S=.text    G=(none)   M=madZip   ACBP=A9
 0001:0000E678 00000A70 C=CODE     S=.text    G=(none)   M=madCrypt ACBP=A9
 0001:0000F0E8 00002C28 C=CODE     S=.text    G=(none)   M=madMapFile ACBP=A9
 0001:00011D10 00003BE8 C=CODE     S=.text    G=(none)   M=madStackTrace ACBP=A9
 0001:000158F8 00000098 C=CODE     S=.text    G=(none)   M=ActiveX  ACBP=A9
 0001:00015990 000000F4 C=CODE     S=.text    G=(none)   M=CommCtrl ACBP=A9
 0001:00015A84 00000038 C=CODE     S=.text    G=(none)   M=ShellAPI ACBP=A9
 0001:00015ABC 00000038 C=CODE     S=.text    G=(none)   M=RegStr   ACBP=A9
 0001:00015AF4 00000038 C=CODE     S=.text    G=(none)   M=WinInet  ACBP=A9
 0001:00015B2C 00000038 C=CODE     S=.text    G=(none)   M=UrlMon   ACBP=A9
 0001:00015B64 00000038 C=CODE     S=.text    G=(none)   M=ShlObj   ACBP=A9
 0001:00015B9C 00000048 C=CODE     S=.text    G=(none)   M=CommDlg  ACBP=A9
 0001:00015BE4 00000330 C=CODE     S=.text    G=(none)   M=SysConst ACBP=A9
 0001:00015F14 000000A8 C=CODE     S=.text    G=(none)   M=WinSock  ACBP=A9
 0001:00015FBC 0000B612 C=CODE     S=.text    G=(none)   M=madExcept ACBP=A9
 0001:000215D0 00006FC4 C=CODE     S=.text    G=(none)   M=SysUtils ACBP=A9
 0001:00028594 000000A8 C=CODE     S=.text    G=(none)   M=VarUtils ACBP=A9
 0001:0002863C 00004D80 C=CODE     S=.text    G=(none)   M=Variants ACBP=A9
 0001:0002D3BC 00000148 C=CODE     S=.text    G=(none)   M=RTLConsts ACBP=A9
 0001:0002D504 00001944 C=CODE     S=.text    G=(none)   M=TypInfo  ACBP=A9
 0001:0002EE48 0000C506 C=CODE     S=.text    G=(none)   M=Classes  ACBP=A9
 0001:0003B350 00000240 C=CODE     S=.text    G=(none)   M=Consts   ACBP=A9
 0001:0003B590 0000724B C=CODE     S=.text    G=(none)   M=Graphics ACBP=A9
 0001:000427DC 00000048 C=CODE     S=.text    G=(none)   M=Math     ACBP=A9
 0001:00042824 000002B8 C=CODE     S=.text    G=(none)   M=Contnrs  ACBP=A9
 0001:00042ADC 00000787 C=CODE     S=.text    G=(none)   M=MultiMon ACBP=A9
 0001:00043264 00000038 C=CODE     S=.text    G=(none)   M=Imm      ACBP=A9
 0001:0004329C 00001078 C=CODE     S=.text    G=(none)   M=HelpIntfs ACBP=A9
 0001:00044314 00000038 C=CODE     S=.text    G=(none)   M=WinSpool ACBP=A9
 0001:0004434C 00000044 C=CODE     S=.text    G=(none)   M=Printers ACBP=A9
 0001:00044390 0000031F C=CODE     S=.text    G=(none)   M=FlatSB   ACBP=A9
 0001:000446B0 00003060 C=CODE     S=.text    G=(none)   M=StdCtrls ACBP=A9
 0001:00047710 0000033C C=CODE     S=.text    G=(none)   M=ExtCtrls ACBP=A9
 0001:00047A4C 00000038 C=CODE     S=.text    G=(none)   M=Dlgs     ACBP=A9
 0001:00047A84 00000659 C=CODE     S=.text    G=(none)   M=Dialogs  ACBP=A9
 0001:000480E0 00000094 C=CODE     S=.text    G=(none)   M=Clipbrd  ACBP=A9
 0001:00048174 00000038 C=CODE     S=.text    G=(none)   M=StrUtils ACBP=A9
 0001:000481AC 00000168 C=CODE     S=.text    G=(none)   M=StdActns ACBP=A9
 0001:00048314 00000CC4 C=CODE     S=.text    G=(none)   M=WinHelpViewer ACBP=A9
 0001:00048FD8 00010683 C=CODE     S=.text    G=(none)   M=Controls ACBP=A9
 0001:0005965C 0000127A C=CODE     S=.text    G=(none)   M=ActnList ACBP=A9
 0001:0005A8D8 000014C0 C=CODE     S=.text    G=(none)   M=ImgList  ACBP=A9
 0001:0005BD98 000064C1 C=CODE     S=.text    G=(none)   M=Menus    ACBP=A9
 0001:0006225C 0000CADC C=CODE     S=.text    G=(none)   M=Forms    ACBP=A9
 0001:0006ED38 000009E0 C=CODE     S=.text    G=(none)   M=MaskUtils ACBP=A9
 0001:0006F718 00000070 C=CODE     S=.text    G=(none)   M=DateUtils ACBP=A9
 0001:0006F788 000001A0 C=CODE     S=.text    G=(none)   M=DBConsts ACBP=A9
 0001:0006F928 0000113B C=CODE     S=.text    G=(none)   M=SqlTimSt ACBP=A9
 0001:00070A64 00004C47 C=CODE     S=.text    G=(none)   M=FMTBcd   ACBP=A9
 0001:000756AC 00000058 C=CODE     S=.text    G=(none)   M=ComConst ACBP=A9
 0001:00075704 00000E65 C=CODE     S=.text    G=(none)   M=ComObj   ACBP=A9
 0001:0007656C 00014754 C=CODE     S=.text    G=(none)   M=DB       ACBP=A9
 0001:0008ACC0 00000F80 C=CODE     S=.text    G=(none)   M=DBCommon ACBP=A9
 0001:0008BC40 00000164 C=CODE     S=.text    G=(none)   M=DBXpress ACBP=A9
 0001:0008BDA4 000019A4 C=CODE     S=.text    G=(none)   M=IniFiles ACBP=A9
 0001:0008D748 000005B8 C=CODE     S=.text    G=(none)   M=Registry ACBP=A9
 0001:0008DD00 00000258 C=CODE     S=.text    G=(none)   M=SqlConst ACBP=A9
 0001:0008DF58 00000038 C=CODE     S=.text    G=(none)   M=DBConnAdmin ACBP=A9
 0001:0008DF90 00009E20 C=CODE     S=.text    G=(none)   M=SqlExpr  ACBP=A9
 0001:00097DB0 00000038 C=CODE     S=.text    G=(none)   M=MMSystem ACBP=A9
 0001:00097DE8 00003098 C=CODE     S=.text    G=(none)   M=Converter ACBP=A9
 0001:0009AE80 000002E4 C=CODE     S=.text    G=(none)   M=SQL      ACBP=A9
 0002:00000000 0000008C C=DATA     S=.data    G=DGROUP   M=System   ACBP=A9
 0002:0000008C 00000018 C=DATA     S=.data    G=DGROUP   M=SysInit  ACBP=A9
 0002:000000A4 00000201 C=DATA     S=.data    G=DGROUP   M=madStrings ACBP=A9
 0002:000002A8 00000048 C=DATA     S=.data    G=DGROUP   M=madTools ACBP=A9
 0002:000002F0 00000765 C=DATA     S=.data    G=DGROUP   M=madDisAsm ACBP=A9
 0002:00000A58 00000658 C=DATA     S=.data    G=DGROUP   M=madZip   ACBP=A9
 0002:000010B0 00001088 C=DATA     S=.data    G=DGROUP   M=madCrypt ACBP=A9
 0002:00002138 00000010 C=DATA     S=.data    G=DGROUP   M=ActiveX  ACBP=A9
 0002:00002148 00000819 C=DATA     S=.data    G=DGROUP   M=madExcept ACBP=A9
 0002:00002964 00000274 C=DATA     S=.data    G=DGROUP   M=SysUtils ACBP=A9
 0002:00002BD8 00000108 C=DATA     S=.data    G=DGROUP   M=VarUtils ACBP=A9
 0002:00002CE0 00000092 C=DATA     S=.data    G=DGROUP   M=Variants ACBP=A9
 0002:00002D74 0000000C C=DATA     S=.data    G=DGROUP   M=TypInfo  ACBP=A9
 0002:00002D80 00000110 C=DATA     S=.data    G=DGROUP   M=Classes  ACBP=A9
 0002:00002E90 000002EC C=DATA     S=.data    G=DGROUP   M=Graphics ACBP=A9
 0002:0000317C 00000004 C=DATA     S=.data    G=DGROUP   M=Printers ACBP=A9
 0002:00003180 0000004C C=DATA     S=.data    G=DGROUP   M=StdCtrls ACBP=A9
 0002:000031CC 00000074 C=DATA     S=.data    G=DGROUP   M=Dialogs  ACBP=A9
 0002:00003240 0000013C C=DATA     S=.data    G=DGROUP   M=Controls ACBP=A9
 0002:0000337C 00000020 C=DATA     S=.data    G=DGROUP   M=ImgList  ACBP=A9
 0002:0000339C 000000EC C=DATA     S=.data    G=DGROUP   M=Menus    ACBP=A9
 0002:00003488 00000124 C=DATA     S=.data    G=DGROUP   M=Forms    ACBP=A9
 0002:000035AC 00000005 C=DATA     S=.data    G=DGROUP   M=MaskUtils ACBP=A9
 0002:000035B4 0000003C C=DATA     S=.data    G=DGROUP   M=SqlTimSt ACBP=A9
 0002:000035F0 00000065 C=DATA     S=.data    G=DGROUP   M=FMTBcd   ACBP=A9
 0002:00003658 00000030 C=DATA     S=.data    G=DGROUP   M=ComObj   ACBP=A9
 0002:00003688 0000021E C=DATA     S=.data    G=DGROUP   M=DB       ACBP=A9
 0002:000038A8 00000008 C=DATA     S=.data    G=DGROUP   M=IniFiles ACBP=A9
 0002:000038B0 00000008 C=DATA     S=.data    G=DGROUP   M=Registry ACBP=A9
 0002:000038B8 0000004C C=DATA     S=.data    G=DGROUP   M=SqlConst ACBP=A9
 0002:00003904 0000009F C=DATA     S=.data    G=DGROUP   M=SqlExpr  ACBP=A9
 0002:00004000 0000070C C=BSS      S=.bss     G=DGROUP   M=System   ACBP=A9
 0002:0000470C 00000018 C=BSS      S=.bss     G=DGROUP   M=SysInit  ACBP=A9
 0002:00004724 00000004 C=BSS      S=.bss     G=DGROUP   M=Types    ACBP=A9
 0002:00004728 00000004 C=BSS      S=.bss     G=DGROUP   M=Windows  ACBP=A9
 0002:0000472C 00000004 C=BSS      S=.bss     G=DGROUP   M=madTypes ACBP=A9
 0002:00004730 00000004 C=BSS      S=.bss     G=DGROUP   M=madStrings ACBP=A9
 0002:00004734 00000004 C=BSS      S=.bss     G=DGROUP   M=Messages ACBP=A9
 0002:00004738 00000028 C=BSS      S=.bss     G=DGROUP   M=madTools ACBP=A9
 0002:00004760 00000008 C=BSS      S=.bss     G=DGROUP   M=madDisAsm ACBP=A9
 0002:00004768 00001114 C=BSS      S=.bss     G=DGROUP   M=madZip   ACBP=A9
 0002:0000587C 00000004 C=BSS      S=.bss     G=DGROUP   M=madCrypt ACBP=A9
 0002:00005880 00000008 C=BSS      S=.bss     G=DGROUP   M=madMapFile ACBP=A9
 0002:00005888 00000014 C=BSS      S=.bss     G=DGROUP   M=madStackTrace ACBP=A9
 0002:0000589C 00000004 C=BSS      S=.bss     G=DGROUP   M=ActiveX  ACBP=A9
 0002:000058A0 00000004 C=BSS      S=.bss     G=DGROUP   M=CommCtrl ACBP=A9
 0002:000058A4 00000004 C=BSS      S=.bss     G=DGROUP   M=ShellAPI ACBP=A9
 0002:000058A8 00000004 C=BSS      S=.bss     G=DGROUP   M=RegStr   ACBP=A9
 0002:000058AC 00000004 C=BSS      S=.bss     G=DGROUP   M=WinInet  ACBP=A9
 0002:000058B0 00000004 C=BSS      S=.bss     G=DGROUP   M=UrlMon   ACBP=A9
 0002:000058B4 00000004 C=BSS      S=.bss     G=DGROUP   M=ShlObj   ACBP=A9
 0002:000058B8 00000004 C=BSS      S=.bss     G=DGROUP   M=CommDlg  ACBP=A9
 0002:000058BC 00000004 C=BSS      S=.bss     G=DGROUP   M=SysConst ACBP=A9
 0002:000058C0 00000004 C=BSS      S=.bss     G=DGROUP   M=WinSock  ACBP=A9
 0002:000058C4 00000028 C=BSS      S=.bss     G=DGROUP   M=madExcept ACBP=A9
 0002:000058EC 00000120 C=BSS      S=.bss     G=DGROUP   M=SysUtils ACBP=A9
 0002:00005A0C 00000004 C=BSS      S=.bss     G=DGROUP   M=VarUtils ACBP=A9
 0002:00005A10 00000184 C=BSS      S=.bss     G=DGROUP   M=Variants ACBP=A9
 0002:00005B94 00000004 C=BSS      S=.bss     G=DGROUP   M=RTLConsts ACBP=A9
 0002:00005B98 00000004 C=BSS      S=.bss     G=DGROUP   M=TypInfo  ACBP=A9
 0002:00005B9C 00000040 C=BSS      S=.bss     G=DGROUP   M=Classes  ACBP=A9
 0002:00005BDC 00000004 C=BSS      S=.bss     G=DGROUP   M=Consts   ACBP=A9
 0002:00005BE0 00000060 C=BSS      S=.bss     G=DGROUP   M=Graphics ACBP=A9
 0002:00005C40 00000004 C=BSS      S=.bss     G=DGROUP   M=Math     ACBP=A9
 0002:00005C44 00000004 C=BSS      S=.bss     G=DGROUP   M=Contnrs  ACBP=A9
 0002:00005C48 00000031 C=BSS      S=.bss     G=DGROUP   M=MultiMon ACBP=A9
 0002:00005C7C 00000004 C=BSS      S=.bss     G=DGROUP   M=Imm      ACBP=A9
 0002:00005C80 00000008 C=BSS      S=.bss     G=DGROUP   M=HelpIntfs ACBP=A9
 0002:00005C88 00000004 C=BSS      S=.bss     G=DGROUP   M=WinSpool ACBP=A9
 0002:00005C8C 00000004 C=BSS      S=.bss     G=DGROUP   M=Printers ACBP=A9
 0002:00005C90 00000034 C=BSS      S=.bss     G=DGROUP   M=FlatSB   ACBP=A9
 0002:00005CC4 00000004 C=BSS      S=.bss     G=DGROUP   M=StdCtrls ACBP=A9
 0002:00005CC8 00000004 C=BSS      S=.bss     G=DGROUP   M=ExtCtrls ACBP=A9
 0002:00005CCC 00000004 C=BSS      S=.bss     G=DGROUP   M=Dlgs     ACBP=A9
 0002:00005CD0 0000000C C=BSS      S=.bss     G=DGROUP   M=Dialogs  ACBP=A9
 0002:00005CDC 0000000C C=BSS      S=.bss     G=DGROUP   M=Clipbrd  ACBP=A9
 0002:00005CE8 00000004 C=BSS      S=.bss     G=DGROUP   M=StrUtils ACBP=A9
 0002:00005CEC 00000004 C=BSS      S=.bss     G=DGROUP   M=StdActns ACBP=A9
 0002:00005CF0 00000010 C=BSS      S=.bss     G=DGROUP   M=WinHelpViewer ACBP=A9
 0002:00005D00 00000080 C=BSS      S=.bss     G=DGROUP   M=Controls ACBP=A9
 0002:00005D80 00000004 C=BSS      S=.bss     G=DGROUP   M=ActnList ACBP=A9
 0002:00005D84 00000004 C=BSS      S=.bss     G=DGROUP   M=ImgList  ACBP=A9
 0002:00005D88 00000010 C=BSS      S=.bss     G=DGROUP   M=Menus    ACBP=A9
 0002:00005D98 00000020 C=BSS      S=.bss     G=DGROUP   M=Forms    ACBP=A9
 0002:00005DB8 00000004 C=BSS      S=.bss     G=DGROUP   M=MaskUtils ACBP=A9
 0002:00005DBC 00000004 C=BSS      S=.bss     G=DGROUP   M=DateUtils ACBP=A9
 0002:00005DC0 00000004 C=BSS      S=.bss     G=DGROUP   M=DBConsts ACBP=A9
 0002:00005DC4 00000004 C=BSS      S=.bss     G=DGROUP   M=SqlTimSt ACBP=A9
 0002:00005DC8 00000004 C=BSS      S=.bss     G=DGROUP   M=FMTBcd   ACBP=A9
 0002:00005DCC 00000004 C=BSS      S=.bss     G=DGROUP   M=ComConst ACBP=A9
 0002:00005DD0 00000011 C=BSS      S=.bss     G=DGROUP   M=ComObj   ACBP=A9
 0002:00005DE4 00000014 C=BSS      S=.bss     G=DGROUP   M=DB       ACBP=A9
 0002:00005DF8 00000004 C=BSS      S=.bss     G=DGROUP   M=DBCommon ACBP=A9
 0002:00005DFC 00000004 C=BSS      S=.bss     G=DGROUP   M=DBXpress ACBP=A9
 0002:00005E00 00000004 C=BSS      S=.bss     G=DGROUP   M=IniFiles ACBP=A9
 0002:00005E04 00000004 C=BSS      S=.bss     G=DGROUP   M=Registry ACBP=A9
 0002:00005E08 00000004 C=BSS      S=.bss     G=DGROUP   M=SqlConst ACBP=A9
 0002:00005E0C 00000004 C=BSS      S=.bss     G=DGROUP   M=DBConnAdmin ACBP=A9
 0002:00005E10 0000000C C=BSS      S=.bss     G=DGROUP   M=SqlExpr  ACBP=A9
 0002:00005E1C 00000004 C=BSS      S=.bss     G=DGROUP   M=MMSystem ACBP=A9
 0002:00005E20 000001F0 C=BSS      S=.bss     G=DGROUP   M=Converter ACBP=A9


  Address         Publics by Name

 0002:00005E18       .01
 0002:00005CD0       .01
 0002:00005C68       .1
 0002:00004734       .1
 0002:00005C7C       .1
 0002:00004738       .1
 0002:00005CB0       .1
 0002:00004768       .1
 0002:0000587C       .1
 0002:00005CCC       .1
 0002:00005888       .1
 0002:000058A0       .1
 0002:000058A4       .1
 0002:000058A8       .1
 0002:000058AC       .1
 0002:00005DC4       .1
 0002:00005DC0       .1
 0002:000058B0       .1
 0002:000058B4       .1
 0002:00005DBC       .1
 0002:00005CE8       .1
 0002:000058B8       .1
 0002:00005DFC       .1
 0002:000058BC       .1
 0002:000058C0       .1
 0002:000058C4       .1
 0002:00005CF8       .1
 0002:00005A0C       .1
 0002:00005BDC       .1
 0002:0000471C       .1
 0002:00005B94       .1
 0002:00004724       .1
 0002:00004730       .1
 0002:00005DCC       .1
 0002:00005CC8       .12
 0002:00005BE4       .12
 0002:00005C80       .2
 0002:00005E0C       .2
 0002:00005E08       .2
 0002:00005C40       .2
 0002:00005DB8       .2
 0002:00005CE0       .2
 0002:00006004       .2
 0002:0000472C       .2
 0002:00005C44       .21
 0002:00005C8C       .3
 0002:00004728       .3
 0002:00005DF8       .3
 0002:00005D84       .3
 0002:00005C88       .3
 0002:00005A30       .3
 0002:00005DC8       .3
 0002:0000589C       .3
 0002:00005BA4       .35
 0002:00005DF4       .36
 0002:00005DA0       .41
 0002:00005DD0       .41
 0002:00005CC4       .42
 0002:000045BC       .5
 0002:00005E04       .5
 0002:00005B98       .6
 0002:00005880       .6
 0002:00005CEC       .63
 0002:00005E1C       .7
 0002:00005D08       .72
 0002:00005E00       .8
 0002:00005D80       .8
 0002:00004760       .8
 0002:00005D90       .9
 0002:000059FC       .94
 0001:00001BDC       @AbstractError
 0001:00002EB4       @AfterConstruction
 0001:00002CC0       @AsClass
 0001:00001EC0       @Assign
 0001:000020BC       @AStrCmp
 0001:00002EC4       @BeforeDestruction
 0001:00002A50       @BoundErr
 0001:00002D0C       @CallDynaInst
 0001:00002E5C       @ClassCreate
 0001:00002EAC       @ClassDestroy
 0001:00001F88       @Close
 0001:0000194C       @Copy
 0001:0000462C       @CopyArray
 0001:00004510       @CopyRecord
 0001:00004914       @DispCallByIDError
 0001:00004734       @Dispose
 0001:00003340       @DoneExcept
 0001:0000516C       @DynArrayAddRef
 0001:00005144       @DynArrayAsg
 0001:00005108       @DynArrayClear
 0001:00004FF4       @DynArrayCopy
 0001:00005014       @DynArrayCopyRange
 0001:00004E34       @DynArrayHigh
 0001:00004E2C       @DynArrayLength
 0001:00004FE8       @DynArraySetLength
 0001:0000212C       @EofText
 0001:00003428       @ExceptionHandler
 0001:00002164       @FillChar
 0001:00004504       @Finalize
 0001:00004418       @FinalizeArray
 0001:000043E4       @FinalizeRecord
 0001:00001F7C       @Flush
 0001:00002A44       @FpuInit
 0001:00002980       @FpuMaskInit
 0001:000017C8       @FreeMem
 0001:000017A8       @GetMem
 0001:00005E24       @GetTls
 0001:00003870       @Halt
 0001:00003798       @Halt0
 0001:00002FD8       @HandleAnyException
 0001:0000328C       @HandleFinally
 0001:00003104       @HandleOnException
 0001:00005E70       @InitExe
 0001:000043D8       @Initialize
 0001:00004344       @InitializeArray
 0001:00004314       @InitializeRecord
 0001:0000365C       @InitImports
 0001:00003634       @InitResStringImports
 0001:00003610       @InitResStrings
 0001:00005830       @IntfAddRef
 0001:00005804       @IntfCast
 0001:000057C0       @IntfClear
 0001:000057D8       @IntfCopy
 0001:00002C9C       @IsClass
 0001:00002950       @isNECWindows
 0001:00003DA4       @LStrAddRef
 0001:00003928       @LStrArrayClr
 0001:00003958       @LStrAsg
 0001:00003BC4       @LStrCat
 0001:00003C08       @LStrCat3
 0001:00003C7C       @LStrCatN
 0001:00003904       @LStrClr
 0001:00003D00       @LStrCmp
 0001:00003E14       @LStrCopy
 0001:00003E54       @LStrDelete
 0001:00003B6C       @LStrFromArray
 0001:00003AE4       @LStrFromChar
 0001:00003AF4       @LStrFromPChar
 0001:000039F4       @LStrFromPCharLen
 0001:00003B24       @LStrFromPWChar
 0001:00003A58       @LStrFromPWCharLen
 0001:00003B60       @LStrFromString
 0001:00003B84       @LStrFromWStr
 0001:00003E9C       @LStrInsert
 0001:0000399C       @LStrLAsg
 0001:00003BBC       @LStrLen
 0001:00003FA4       @LStrOfChar
 0001:00003EF8       @LStrPos
 0001:00003F40       @LStrSetLength
 0001:00003DB4       @LStrToPChar
 0001:00003B98       @LStrToString
 0001:00004720       @New
 0001:000039C8       @NewAnsiString
 0001:00004000       @NewWideString
 0001:000048CC       @OleVarFromInt
 0001:000048C4       @OleVarFromVar
 0001:00002668       @Pow10
 0001:00002038       @PStrCmp
 0001:00002010       @PStrCpy
 0001:00001FE0       @PStrNCat
 0001:0000201C       @PStrNCpy
 0001:000032EC       @RaiseAgain
 0001:000032C4       @RaiseExcept
 0001:000021C0       @ReadChar
 0001:00002318       @ReadLn
 0001:000022AC       @ReadLString
 0001:000022A0       @ReadString
 0001:000017E8       @ReallocMem
 0001:00001C50       @ResetText
 0001:00001C5C       @RewritText
 0001:00001BAC       @ROUND
 0001:0000387C       @RunError
 0001:0000260C       @SetElem
 0001:00002630       @SetEq
 0001:00001B9C       @SetLength
 0001:00002650       @SetSub
 0001:00002644       @SetUnion
 0001:000035D0       @StartExe
 0001:00004BEC       @Str0Int64
 0001:000023A8       @Str0Long
 0001:00004B2C       @StrInt64
 0001:0000039C       @strlen
 0001:00002348       @StrLong
 0001:00001BB8       @TRUNC
 0001:00003370       @TryFinallyExit
 0001:00003E0C       @UniqueStringA
 0001:00004C08       @ValInt64
 0001:000023B4       @ValLong
 0001:000048D4       @VarAdd
 0001:0000490C       @VarAddRef
 0001:0000491C       @VarArrayGet
 0001:00004928       @VarArrayPut
 0001:00004810       @VarCast
 0001:00004800       @VarClear
 0001:00004904       @VarClr
 0001:000048E0       @VarCmpEQ
 0001:000048F8       @VarCmpGT
 0001:000048EC       @VarCmpLT
 0001:00004808       @VarCopy
 0001:0000487C       @VarFromBool
 0001:00004894       @VarFromCurr
 0001:000048BC       @VarFromDisp
 0001:00004860       @VarFromInt
 0001:00004868       @VarFromInt64
 0001:000048B4       @VarFromIntf
 0001:000048A4       @VarFromLStr
 0001:0000489C       @VarFromPStr
 0001:00004884       @VarFromReal
 0001:0000488C       @VarFromTDateTime
 0001:000048AC       @VarFromWStr
 0001:00004828       @VarToBool
 0001:00004838       @VarToCurr
 0001:00004858       @VarToDisp
 0001:00004818       @VarToInt
 0001:00004820       @VarToInt64
 0001:00004850       @VarToIntf
 0001:00004840       @VarToLStr
 0001:00004830       @VarToReal
 0001:00004848       @VarToWStr
 0001:00003FD0       @Write0LString
 0001:000024C4       @WriteBytes
 0001:00002594       @WriteLn
 0001:00003FD8       @WriteLString
 0001:00002518       @WriteSpaces
 0001:00004040       @WStrArrayClr
 0001:00004064       @WStrAsg
 0001:000041A0       @WStrCat
 0001:00004028       @WStrClr
 0001:00004200       @WStrCmp
 0001:00004284       @WStrCopy
 0001:00004174       @WStrFromLStr
 0001:00004088       @WStrFromPCharLen
 0001:00004138       @WStrFromPWChar
 0001:00004114       @WStrFromPWCharLen
 0001:00004194       @WStrLen
 0001:000042D0       @WStrSetLength
 0001:00004184       @WStrToPWChar
 0001:000025E8       @_CLenToPasStr
 0001:000025DC       @_CToPasStr
 0001:0000191C       @_IOTest
 0001:00004958       @_lldiv
 0001:00004A20       @_llmod
 0001:00004934       @_llmul
 0001:00004AEC       @_llshl
 0001:000049D4       @_lludiv
 0001:00004A9C       @_llumod
 0001:00004B0C       @_llushr
 0001:00026208       Abort
 0001:0004B940       AbsMin
 0001:00026610       AbstractErrorHandler
 0002:0000402C       AbstractErrorProc
 0002:000029E8       AccessMode
 0001:00001878       AcquireExceptionObject
 0002:000058D0       ActionHandlers
 0002:000058D4       ActionHandlersOO
 0001:00031370       ActivateClassGroup
 0001:00006564       ActivateKeyboardLayout
 0002:00005D3C       ActiveDrag
 0001:00015988       ActiveX
 0001:0005A8AC       ActnList
 0001:000004C0       AddBlockAfter
 0001:0000B4E4       AddCaseBlock
 0001:00071EE0       AddChars
 0002:000027F8       AddCmdLineToBugRep
 0001:0000B34C       AddCodeArea
 0001:00074DA4       AddCurrency
 0001:00074574       AddCurrencySymbol
 0002:00002D80       AddDataModule
 0001:00073EB8       AddDigit
 0001:00022264       AddExitProc
 0001:0008B990       AddField
 0001:0007D2A8       AddFieldDefs
 0001:0007D4DC       AddFields
 0001:00096AD0       AddFieldToList
 0001:000353D0       AddFinished
 0001:00012AB0       AddFunction
 0001:0005D990       AddIn
 0001:000131A4       AddLink
 0001:00075094       AddLiterals
 0001:00012524       AddModule
 0001:00005654       AddModuleUnloadProc
 0001:00005664       AddModuleUnloadProc
 0001:000093DC       AddMsgHandler
 0001:0000923C       AddMsgHandler_
 0001:00074654       AddNegCurrencySymbol
 0001:000735F4       AddNormalizedFractions
 0001:00035408       AddNotFinished
 0001:00073E9C       AddOneChar
 0001:0008B7E8       AddParamSQLForDetail
 0001:0001F3E4       AddPatch
 0001:00012300       AddProgressArea
 0001:00020634       AddPtr
 0001:0008EF40       AddQuoteCharToObjectName
 0001:0001350C       AddStackItem
 0001:00071F9C       AddStrings
 0001:0001EA68       AddThreadReport
 0001:0008B6C8       AddWhereClause
 0002:000035E0       AdjustAmt
 0002:000035D0       AdjustAmt
 0002:000035E8       AdjustAmt
 0002:000035D8       AdjustAmt
 0001:0003EB78       AdjustColor
 0001:000729F8       AdjustDecimalPosition
 0001:000893B8       AdjustFirstRecord
 0001:000650A4       Adjustment
 0001:0000656C       AdjustWindowRectEx
 0001:00027714       AL1
 0002:00002BB8       AL1s
 0001:00027724       AL2
 0002:00002BC8       AL2s
 0002:00003460       Alignments
 0002:00003188       Alignments
 0002:00003470       Alignments
 0001:0006BEF8       AlignWork
 0001:00050F78       AlignWork
 0001:0003B168       AllocateHWnd
 0001:00022218       AllocMem
 0002:000045B4       AllocMemCount
 0002:000045B8       AllocMemSize
 0001:000425D4       AllocPatternBitmap
 0001:00005DCC       AllocTlsBuffer
 0001:00027790       ALR
 0001:0002773C       ALV
 0001:00018B50       AmOnline
 0001:00038918       AncestorValid
 0002:0000324C       AnchorAlign
 0002:00003240       AnimateWindowProc
 0002:00003348       AnimationStyle
 0001:00022410       AnsiCompareStr
 0001:00022448       AnsiCompareText
 0001:00022660       AnsiExtractQuotedStr
 0001:00022A70       AnsiLastChar
 0001:00006574       AnsiLower
 0001:00026DD8       AnsiPos
 0001:0002253C       AnsiQuotedStr
 0001:00062068       AnsiSameCaption
 0001:00022480       AnsiSameText
 0001:00022498       AnsiStrLIComp
 0001:00026E10       AnsiStrPos
 0001:00026EB0       AnsiStrRScan
 0001:00026ED8       AnsiStrScan
 0001:00005C3C       AnsiToUtf8
 0001:00008578       AnsiToWideEx
 0001:000223DC       AnsiUpperCase
 0002:00002890       AntiFreezeCnt
 0002:0000288C       AntiFreezeMsg
 0002:00002884       AntiFreezeTh
 0001:00017A50       AntiFreezeThread
 0002:00002880       AntiFreezeTid
 0002:00002888       AntiFreezeWnd
 0001:00029038       AnyChangeType
 0001:0002A430       AnyOp
 0001:00029A64       AnyToIntf
 0001:0002449C       AppendChars
 0001:00024860       AppendFormat
 0001:00024500       AppendNumber
 0001:000244E0       AppendString
 0002:00005D98       Application
 0002:00002D90       ApplicationHandleException
 0002:00002D98       ApplicationShowException
 0001:000129C8       ApproveFunction
 0001:0001298C       ApproveFunction
 0002:000035A4       AppVisible
 0002:00002960       Armadillo
 0001:000265F4       AssertErrorHandler
 0002:00004024       AssertErrorProc
 0001:0002E510       AssignLongStr
 0001:0002EB8C       AssignVariant
 0002:000021F0       AttachBugReportFile
 0001:0007DE08       AttributeSetStored
 0002:00002158       AutoClipboard
 0002:00002164       AutoClose
 0002:0000215C       AutoContinue
 0002:00002168       AutoDelay
 0002:00002154       AutoMail
 0002:00002160       AutoRestart
 0002:00002150       AutoSave
 0001:000185E4       AutoSaveBugReport
 0002:000027DC       AutoShowBugRep
 0002:00004608       avail
 0002:000020F8       b64
 0001:00022BD8       BackfillGetDiskFreeSpaceEx
 0001:0004E4BC       BackgroundClipped
 0002:00003880       BaseFieldTypes
 0002:00002CE0       BaseTypeMap
 0001:00073D4C       BcdAdd
 0001:00073964       BcdCompare
 0001:000749E4       BcdCurrencyFormat
 0001:00073BC8       BcdDivide
 0001:00073CE0       BcdDivide
 0001:00070D80       BcdError
 0001:00070D10       BcdErrorFmt
 0001:00074394       BcdFixedOrNumberFormat
 0001:00074330       BcdGeneralFormat
 0001:00073A64       BcdMultiply
 0001:00073B5C       BcdMultiply
 0001:00074188       BcdScale
 0001:00074348       BcdScientificFormat
 0001:00073A28       BcdSubtract
 0001:00074284       BCDToCurr
 0001:00071A24       BcdToDouble
 0001:00071A7C       BcdToInteger
 0001:00074068       BcdToStr
 0001:00074AD0       BcdToStrF
 0001:00031744       BeginGlobalLoading
 0001:0000657C       BeginPaint
 0001:000038C0       BeginThread
 0001:0003EB84       BetterSize
 0001:0005E768       BiDiDraw
 0001:00015F14       bind
 0002:00005FF8       bindata
 0001:00039E68       BinToHex
 0001:00006364       BitBlt
 0002:00003130       BitmapCanvasList
 0002:00005BFC       BitmapImageLock
 0002:00000C88       BitOrder
 0001:00072894       BlankArgument
 0002:00003994       BlobTypeMap
 0002:00002E64       BlockCode
 0002:000045E0       blockDescBlockList
 0002:000045E4       blockDescFreeList
 0002:00002D74       BooleanIdents
 0002:000034EC       BorderStyles
 0002:00003180       BorderStyles
 0001:000306A8       Bounds
 0001:00005F10       Bounds
 0002:00003408       Breaks
 0001:00006584       BringWindowToTop
 0002:00005C34       BrushManager
 0001:00088AC4       BufferToByteArray
 0002:00002458       BugReportFile
 0002:00002558       BugReportFileSize
 0001:0000D1D4       BuildHuffmanTables
 0001:00060E78       BuildImage
 0002:00003214       ButtonCaptions
 0002:000031E8       ButtonNames
 0002:00003484       Buttons
 0002:000031C4       ButtonStyles
 0001:00088B78       ByteArrayToBuffer
 0001:0003E364       BytesPerScanline
 0001:0003E6BC       ByteSwapColors
 0001:00026B8C       ByteToCharIndex
 0001:00026B64       ByteToCharLen
 0001:00026B28       ByteType
 0001:00026AB0       ByteTypeTest
 0001:0000BC18       CalcCodeBegin
 0001:0000F350       CalcCryptPassword
 0001:0003B0A4       CalcJmpOffset
 0001:00074C94       CalcPrecisionAndDigits
 0001:00058948       CalcSplitterPos
 0001:00083B2C       CalcTotalSize
 0001:0007DE48       CalculatedStored
 0001:0008F674       CalcUnits
 0001:0000658C       CallNextHookEx
 0001:000276D8       CallTerminateProcs
 0001:00006594       CallWindowProc
 0001:0004C960       CancelDrag
 0001:00089F20       CancelNestedDataSets
 0001:00072824       CanUseShort
 0002:00005C38       CanvasList
 0002:00005D50       CanvasList
 0002:000031D4       Captions
 0002:00003304       CaptureControl
 0002:000033A8       cBooleanToItemAutoFlag
 0002:00002D50       CBooleanToRelationship
 0002:000028E4       CEncodeMailto
 0002:00002904       CEncodeSmtp
 0002:00005CDE       CF_COMPONENT
 0002:00005CDC       CF_PICTURE
 0002:00005A28       ChangeAnyProc
 0001:0004AF18       ChangeBiDiModeAlignment
 0001:000290A0       ChangeSourceAny
 0002:000031A8       CharCases
 0001:00003A24       CharFromWChar
 0001:00026D60       CharLength
 0001:0000659C       CharNext
 0001:0000030C       CharNext
 0001:0003CCE8       CharsetToIdent
 0001:00026C74       CharToByteIndex
 0001:00026CD8       CharToByteLen
 0001:000065A4       CharUpperBuff
 0001:0000B59C       CheckAddTarget
 0001:00017CD4       CheckAuto
 0001:0003F134       CheckBool
 0001:00012D84       CheckFunctionAreas
 0001:00002F54       CheckJmp
 0001:000065AC       CheckMenuItem
 0001:00088FE4       CheckNestedBrowseMode
 0001:00009F20       CheckPrefix
 0001:0000ABA0       CheckRegState
 0001:0002053C       CheckRestart
 0002:000033F8       Checks
 0001:00070900       CheckSqlTimeStamp
 0001:00039EFC       CheckSynchronize
 0001:0000A92C       CheckTarget
 0001:00064AE0       CheckTaskWindow
 0001:0002A4BC       CheckType
 0001:0002B078       CheckType
 0001:0004C614       CheckUndock
 0002:00002D4C       CInvalidCustomVariantType
 0002:000033AC       cItemAutoFlagToBoolean
 0002:000033A4       cItemAutoFlagToMenu
 0001:0003B2EC       Classes
 0002:00002838       Classes_CheckSynchronize
 0001:00031134       ClassNotFound
 0002:00005A24       ClearAnyProc
 0001:0003C5B8       ClearColor
 0001:0007624C       ClearExcepInfo
 0001:0002C48C       ClearVariantTypeList
 0001:000065B4       ClientToScreen
 0001:00055F30       ClientToWindow
 0002:00003128       ClipboardFormats
 0001:0004811C       Clipbrd
 0001:000213A8       Close
 0001:00017BEC       CloseAntiFreeze
 0002:000027B8       CloseApp
 0001:00018B40       CloseApplication
 0001:000065BC       CloseClipboard
 0001:00020434       CloseCreateThreadHook
 0001:00017A00       CloseFireHandlers
 0001:000002AC       CloseHandle
 0001:00005F94       CloseHandle
 0001:0001D214       CloseHandleExceptionThread
 0001:00012478       CloseProgressBar
 0001:00015F1C       closesocket
 0002:00004040       CmdLine
 0002:0000403C       CmdShow
 0002:000033A0       cMenuAutoFlagToItem
 0002:00002860       CNtObjAttr
 0002:00003660       CoAddRefServerProcess
 0002:00003658       CoCreateInstanceEx
 0002:00003670       CoInitFlags
 0001:0001592C       CoInitialize
 0002:0000365C       CoInitializeEx
 0001:00031A00       CollectionsEqual
 0001:000139E8       CollectPossibleStackItems
 0002:00002EC0       Colors
 0001:0003CAE0       ColorToIdent
 0001:0003CAD0       ColorToRGB
 0002:00005DD8       ComClassManagerVar
 0001:000756FC       ComConst
 0002:00005D94       CommandPool
 0001:00015A7C       CommCtrl
 0001:00015BDC       CommDlg
 0001:000007A0       Commit
 0002:00004624       committedRoot
 0001:00076514       ComObj
 0001:00071C80       CompareDigits
 0001:0005CF74       CompareFront
 0001:00022344       CompareMem
 0001:000736AC       CompareNormalizedFractions
 0001:00022314       CompareStr
 0001:00005F9C       CompareString
 0001:00022364       CompareText
 0001:00016B04       CompName
 0001:00035DF0       ComponentCreated
 0001:00014E30       ComposeResult
 0001:00015F24       connect
 0001:0003B588       Consts
 0002:00002778       ContinueApp
 0001:00042AD4       Contnrs
 0002:00005D0E       ControlAtom
 0002:00005D14       ControlAtomString
 0001:00069870       ControlHasHelp
 0001:000595CC       Controls
 0002:00002DF0       Convert
 0002:00002DE0       Convert
 0001:00025FBC       ConvertAddr
 0001:0009AE78       Converter
 0001:000245F0       ConvertEraString
 0001:000221DC       ConvertError
 0001:000221F4       ConvertErrorFmt
 0001:00024758       ConvertYearString
 0002:000002F4       COpcodeFlags
 0002:000004F4       COpcodeFlags0f
 0002:000006F4       COpcodeFlagsEx
 0002:00000848       COpcodeLabelIndex
 0002:00000948       COpcodeLabelIndex0f
 0001:00004E3C       CopyArray
 0001:0003FC10       CopyBitmap
 0001:000402D8       CopyBitmapAsMask
 0001:0007431C       CopyByte
 0002:00000C0C       CopyExtra
 0002:00000A9C       CopyLengths
 0002:00000B18       CopyLiteralExtra
 0002:00000B94       CopyOffsets
 0001:00040274       CopyPalette
 0001:0005FF24       CopyToBest
 0002:00003664       CoReleaseServerProcess
 0002:00003668       CoResumeClassObjects
 0002:000002A8       COsDescr
 0002:0000366C       CoSuspendClassObjects
 0001:000133D8       CouldBeAfterCall
 0001:00015934       CoUninitialize
 0001:00026BE4       CountChars
 0002:00005C14       CounterLock
 0002:000010B0       CPArr
 0002:00000CB0       crc32Tab
 0001:00026538       CreateAssertException
 0001:000266C0       CreateAVObject
 0001:0001F8EC       CreateAVStr
 0001:0000636C       CreateBitmap
 0001:00006374       CreateBrushIndirect
 0001:0001F194       CreateBugReport
 0001:0001BE30       CreateButton
 0001:0000637C       CreateCompatibleBitmap
 0001:00006384       CreateCompatibleDC
 0001:00035E70       CreateComponent
 0001:00006394       CreateDIBitmap
 0001:0000638C       CreateDIBSection
 0001:00005FA4       CreateEvent
 0001:00005FAC       CreateFile
 0001:000002B4       CreateFileA
 0001:00005FB4       CreateFileMapping
 0001:0000639C       CreateFont
 0001:000063A4       CreateFontIndirect
 0001:000063AC       CreateHalftonePalette
 0001:000065C4       CreateIcon
 0001:00026464       CreateInOutError
 0001:000065CC       CreateMenu
 0001:00005FC4       CreateMutex
 0001:000063B4       CreatePalette
 0001:000063BC       CreatePen
 0001:000063C4       CreatePenIndirect
 0001:00005FE4       CreatePipe
 0001:000065D4       CreatePopupMenu
 0001:00005FEC       CreateProcess
 0001:000063CC       CreateSolidBrush
 0001:0003E714       CreateSystemPalette
 0001:00005FF4       CreateThread
 0001:00000314       CreateThread
 0001:00006B2C       CreateWindow
 0001:000065DC       CreateWindowEx
 0001:0001BD84       CreateWindow_
 0002:000031CC       CreationControl
 0002:00003244       CreationControl
 0002:00002D60       CRelationshipToBoolean
 0002:00002924       CRes
 0001:0000E6A4       crypt2dwords
 0001:0000EB7C       cryptBuf
 0002:000010F8       CSArr
 0002:000029E0       cSimpleBoolStrs
 0002:00003340       Ctl3DStyles
 0002:0000461C       curAlloc
 0002:000058F4       CurrencyDecimals
 0002:000058F0       CurrencyFormat
 0002:000058EC       CurrencyString
 0001:00024488       CurrentYear
 0001:000741F8       CurrToBCD
 0001:00023E30       CurrToStr
 0001:00023E98       CurrToStrF
 0002:00003528       CursorMap
 0002:00003254       Cursors
 0001:0004B214       CursorToIdent
 0002:00003518       cUseAlpha
 0002:00003520       cUseColorKey
 0002:00002BD8       CVarTypeToElementInfo
 0002:00002A20       CWNear
 0002:0000364C       CWNear
 0001:0007BE7C       DatabaseError
 0001:0007BF28       DatabaseErrorFmt
 0002:00003978       DataTypeMap
 0001:0008D850       DataTypeToRegData
 0002:000058F5       DateSeparator
 0001:00088A7C       DateTimeToNative
 0001:00070830       DateTimeToSQLTimeStamp
 0001:0002507C       DateTimeToStr
 0001:00024FF0       DateTimeToString
 0001:00023FBC       DateTimeToTimeStamp
 0001:0002504C       DateToStr
 0001:0006F780       DateUtils
 0001:00024460       DayOfWeek
 0001:0006F718       DaysInAMonth
 0001:0008AC34       DB
 0002:00005DF0       DBApplication
 0001:0008BC38       DBCommon
 0001:0008DF88       DBConnAdmin
 0001:0006F920       DBConsts
 0002:00005DEC       DBScreen
 0002:000038B8       DbxError
 0001:0008BD9C       DBXpress
 0002:00002A1C       DCon10
 0002:00002EBC       DDBsOnly
 0001:0003B21C       DeallocateHWnd
 0002:00000014       DebugHook
 0002:000058F3       DecimalSeparator
 0001:0002BDB0       DecIndices
 0001:00024440       DecodeDate
 0001:000242F4       DecodeDateFully
 0001:00024164       DecodeTime
 0001:00000834       Decommit
 0001:00000E50       DecommitFree
 0002:000045F8       decommittedRoot
 0001:0000ED70       Decrypt
 0001:0001A878       DecryptSmtpPassword
 0001:00008508       DecryptStr
 0001:00007FEC       DecSep
 0001:000675C4       Default
 0001:0006CABC       Default
 0002:0000000C       Default8087CW
 0002:00002958       Default8087CW
 0002:00003248       DefaultDockTreeClass
 0002:00003688       DefaultFieldClasses
 0002:00000020       DefaultTextLineBreakStyle
 0002:000030F8       DefBrushData
 0002:00002E90       DefFontData
 0001:000065E4       DefFrameProc
 0002:00002AAC       DefLongDayNames
 0002:00002A60       DefLongMonthNames
 0001:000065EC       DefMDIChildProc
 0002:000030D8       DefPenData
 0002:00002A90       DefShortDayNames
 0002:00002A30       DefShortMonthNames
 0001:000065F4       DefWindowProc
 0001:000051A8       DelayLoadResourceModule
 0001:000004F0       DeleteBlock
 0002:000021F4       DeleteBugReportFile
 0001:00000460       DeleteCriticalSection
 0001:00005FFC       DeleteCriticalSection
 0001:000063D4       DeleteDC
 0001:00006004       DeleteFile
 0001:00000C98       DeleteFree
 0001:0001325C       DeleteLink
 0001:000065FC       DeleteMenu
 0001:000063DC       DeleteObject
 0001:000095DC       DelMsgHandler
 0001:000093E8       DelMsgHandler_
 0001:0003F7CC       DeselectBitmap
 0001:00096CF0       DesignerDataStored
 0001:00006604       DestroyCursor
 0001:0000660C       DestroyIcon
 0001:00006614       DestroyMenu
 0001:0000661C       DestroyWindow
 0002:00002800       DetectConsole
 0001:00048CD0       DialogEnumerationTester
 0001:000480B4       Dialogs
 0002:00003134       DIBPalSizes
 0002:0000007C       dig
 0001:00064934       DisableTaskWindows
 0002:00002808       DisAsmFunc
 0001:00075C60       DispatchInvoke
 0001:00076240       DispatchInvokeError
 0001:00006624       DispatchMessage
 0001:0006AAD8       DispatchShortCut
 0001:0007625C       DispCall
 0001:00076340       DispCallByID
 0002:00004000       DispCallByIDProc
 0001:0007616C       DispCallError
 0001:000221C0       DivMod
 0001:00047A7C       Dlgs
 0002:00005E14       DllHandle
 0001:0006BDAC       DoAlign
 0001:00050E08       DoAlign
 0001:00088158       DoBindFields
 0001:00054D64       DoCalcConstraints
 0002:00005D44       DockSiteList
 0001:00060B44       DoClick
 0001:0001B560       DoClose
 0001:0001B608       DoContinue
 0001:00052490       DoControlMsg
 0001:0001B3F8       DoDetails
 0001:000648E4       DoDisableWindow
 0001:0001F0E4       DoDisAsm
 0001:0004BF40       DoDragOver
 0001:00022238       DoExitProc
 0001:00056C1C       DoFindControlZone
 0001:00064A20       DoFindWindow
 0001:000571A8       DoFindZone
 0001:00017804       DoFireHandlers
 0001:00056CA0       DoForEach
 0001:000585AC       DoGetNextLimit
 0001:0001B654       DoMail
 0001:000648AC       DoneApplication
 0001:00059310       DoneControls
 0001:000269EC       DoneExceptions
 0001:00068ECC       DoNestedActivation
 0002:000058E4       DoNotSuspend
 0001:00016644       DoNotSuspend_Add
 0001:00016698       DoNotSuspend_Check
 0001:0006BBFC       DoPosition
 0001:000509DC       DoPosition
 0001:0001B758       DoPrint
 0001:00057BD4       DoPrune
 0001:0001B5B4       DoRestart
 0001:0001B6C4       DoSave
 0001:000580AC       DoSaveZone
 0001:000582B0       DoSetNewBounds
 0002:00003650       Dot
 0002:00002D7C       DotSep
 0001:0005B81C       DoWrite
 0001:00032EF8       DoWrite
 0001:0003F38C       DoWrite
 0001:00051B00       DoWriteDesignSize
 0001:0004F5B4       DoWriteIsControl
 0002:00005D28       DragCapture
 0002:00005D1C       DragControl
 0001:0004C688       DragDone
 0001:0004BEF0       DragFindTarget
 0001:0004BEC4       DragFindWindow
 0002:00005D40       DragImageList
 0001:0004C2E0       DragInit
 0001:0004C450       DragInitControl
 0002:00005D24       DragInternalObject
 0001:0004BE24       DragMessage
 0002:00005D20       DragObject
 0002:00005D4C       DragSave
 0002:00005D34       DragSaveCursor
 0002:00005D2C       DragStartPos
 0002:00005D38       DragThreshold
 0001:0004C010       DragTo
 0001:0006CAF8       DrawAppIcon
 0001:00057740       DrawCloseButton
 0001:0000662C       DrawEdge
 0001:00006634       DrawFrameControl
 0001:00057798       DrawGrabberLine
 0001:0001AD80       DrawGraphic
 0001:0000663C       DrawIcon
 0001:00006644       DrawIconEx
 0002:0000337C       DrawingStyles
 0001:0001ACC0       DrawLine
 0001:0000664C       DrawMenuBar
 0001:00061E84       DrawMenuItem
 0001:00006654       DrawText
 0001:0003E1E4       DupBits
 0001:0000600C       DuplicateHandle
 0001:0002BD5C       DynArrayBounds
 0001:00004E54       DynArrayClear
 0001:0002BCD4       DynArrayDim
 0001:0002BCB8       DynArrayElTypeInfo
 0001:0002C1B0       DynArrayFromVariant
 0001:0002BC78       DynArrayIndex
 0001:00004E5C       DynArraySetLength
 0001:0002BCEC       DynArraySize
 0001:0002BE9C       DynArrayToVariant
 0001:0002BE1C       DynArrayVariantBounds
 0001:0002BE74       DynArrayVarType
 0002:00003468       EdgeStyle
 0002:00003330       EdgeStyles
 0001:00026438       EHeapException.FreeInstance
 0001:0000665C       EmptyClipboard
 0002:00005A10       EmptyParam
 0002:00002964       EmptyStr
 0002:00002968       EmptyWideStr
 0001:00006664       EnableMenuItem
 0002:00003400       Enables
 0001:0000666C       EnableScrollBar
 0001:000649E8       EnableTaskWindows
 0001:00006674       EnableWindow
 0001:0000F054       Encode
 0001:0000EF24       Encode
 0001:000242C4       EncodeDate
 0001:00018E4C       EncodeStr
 0001:00024124       EncodeTime
 0001:000063E4       EndDoc
 0001:000317CC       EndGlobalLoading
 0001:000063EC       EndPage
 0001:0000667C       EndPaint
 0001:00006014       EnterCriticalSection
 0001:00000450       EnterCriticalSection
 0001:0000601C       EnumCalendarInfoA
 0002:00005C64       EnumDisplayMonitors
 0001:00025C30       EnumEraNames
 0001:00025C6C       EnumEraYearOffsets
 0001:00067AC0       EnumMonitorsProc
 0001:00006684       EnumThreadWindows
 0001:0000668C       EnumWindows
 0001:00075990       EOleException.Create
 0001:000758C0       EOleSysError.Create
 0001:00006694       EqualRect
 0002:000059BC       EraNames
 0001:000252F4       EraToYear
 0002:000059D8       EraYearOffsets
 0002:00000074       errCaption
 0001:00001910       Error
 0001:0005CCC4       Error
 0001:00030CF8       Error
 0001:00034F5C       Error
 0002:00000004       ErrorAddr
 0001:000018C4       ErrorAt
 0001:000082C0       ErrorCodeToStr
 0001:000264E4       ErrorHandler
 0002:00002AC8       ErrorMap
 0002:00004008       ErrorProc
 0002:000043E8       ErrOutput
 0001:0001F650       Esp
 0001:0007BDA8       EUpdateError.Create
 0001:0007BE4C       EUpdateError.Destroy
 0001:000146FC       EvaluateLinks
 0002:000037E0       Events
 0001:00001858       ExceptAddr
 0002:0000400C       ExceptClsProc
 0001:00026958       ExceptHandler
 0002:000058C8       ExceptHandlers
 0002:000058CC       ExceptHandlersOO
 0001:00026264       Exception.Create
 0001:000262A0       Exception.CreateFmt
 0001:000263F0       Exception.CreateHelp
 0001:00026320       Exception.CreateRes
 0001:0002635C       Exception.CreateResFmt
 0002:0000401C       ExceptionClass
 0001:00025FC8       ExceptionErrorMessage
 0002:00002B00       ExceptMap
 0002:000025C4       ExceptMsg
 0001:00001838       ExceptObject
 0002:00004010       ExceptObjProc
 0002:00004004       ExceptProc
 0001:000063F4       ExcludeClipRect
 0002:00000000       ExitCode
 0001:000036DC       ExitDll
 0002:00004048       ExitProc
 0001:00006024       ExitProcess
 0001:0000031C       ExitProcess
 0002:00004028       ExitProcessProc
 0002:000029DC       ExitProcList
 0001:0000602C       ExitThread
 0001:00006034       ExpandEnvironmentStrings
 0001:00022B9C       ExpandFileName
 0001:00009750       ExportToFunc
 0001:00047A28       ExtCtrls
 0001:0007BF84       ExtractFieldName
 0001:00022AF0       ExtractFileDir
 0001:00022B64       ExtractFileName
 0001:00016A0C       ExtractFileName
 0001:00016A88       ExtractFilePath
 0001:00074F38       ExtractLiterals
 0001:00074B8C       ExtractMoneySymbol
 0001:000972DC       ExtractObjectName
 0001:000063FC       ExtTextOut
 0001:0002A42C       Failure
 0002:000059F8       FalseBoolStrs
 0002:00005CE4       FClipboard
 0002:00002A10       FCon1E18
 0002:00003648       FConst10
 0002:000002A4       FDecSep
 0001:00097798       FieldsInQuery
 0002:00003720       FieldTypeNames
 0001:000229F8       FileAge
 0001:000229F0       FileClose
 0001:00022958       FileCreate
 0001:00022934       FileCreate
 0001:00022A60       FileExists
 0002:0000312C       FileFormats
 0002:00000008       FileMode
 0001:00001CA4       FileNOPProc
 0001:000228D8       FileOpen
 0001:00022960       FileRead
 0002:00002DA8       FilerSignature
 0001:000229B8       FileSeek
 0001:0000603C       FileTimeToDosDateTime
 0001:00006044       FileTimeToLocalFileTime
 0001:0000604C       FileTimeToSystemTime
 0001:00008C54       FileVersionToStr
 0001:0002298C       FileWrite
 0001:00000D80       FillAfterGap
 0001:00000D2C       FillBeforeGap
 0001:0001AB80       FillClipboard
 0001:00000E18       FillerSizeAfterGap
 0001:00000DA8       FillerSizeBeforeGap
 0001:00014AD4       FillFinalOutput
 0001:0000669C       FillRect
 0001:00007754       FillStr
 0001:000142F4       FillUpLink
 0001:0000C3B0       Finalization
 0001:00015AF4       Finalization
 0001:0006EC98       Finalization
 0001:00015B64       Finalization
 0001:00015ABC       Finalization
 0001:0008DF58       Finalization
 0001:00015A84       Finalization
 0001:00015BAC       Finalization
 0001:00015A4C       Finalization
 0001:0008DE68       Finalization
 0001:00044670       Finalization
 0001:00005EB4       Finalization
 0001:0006F750       Finalization
 0001:0002D4CC       Finalization
 0001:00070A0C       Finalization
 0001:0002D154       Finalization
 0001:00015EDC       Finalization
 0001:00062164       Finalization
 0001:000214A4       Finalization
 0001:0000E640       Finalization
 0001:0004260C       Finalization
 0001:000427EC       Finalization
 0001:00008618       Finalization
 0001:00042AA4       Finalization
 0001:00015958       Finalization
 0001:0006F8F0       Finalization
 0001:00047A4C       Finalization
 0001:0009AE80       Finalization
 0001:000482DC       Finalization
 0001:000158A0       Finalization
 0001:0008ABD8       Finalization
 0001:00059564       Finalization
 0001:0008BC08       Finalization
 0001:0006F6E0       Finalization
 0001:0000F0B0       Finalization
 0001:0009AE34       Finalization
 0001:0008BD6C       Finalization
 0001:00048174       Finalization
 0001:0008DCB0       Finalization
 0001:000480E0       Finalization
 0001:00009DD0       Finalization
 0001:00015F84       Finalization
 0001:00097DB0       Finalization
 0001:0008D6F8       Finalization
 0001:0005A87C       Finalization
 0001:000756CC       Finalization
 0001:0005BD60       Finalization
 0001:00005CE4       Finalization
 0001:0003B558       Finalization
 0001:00008650       Finalization
 0001:00005F2C       Finalization
 0001:0004434C       Finalization
 0001:00075654       Finalization
 0001:00006C58       Finalization
 0001:0002EDF0       Finalization
 0001:00028604       Finalization
 0001:00044314       Finalization
 0001:00097D78       Finalization
 0001:00028394       Finalization
 0001:0003B244       Finalization
 0001:00048058       Finalization
 0001:000442C8       Finalization
 0001:00011C8C       Finalization
 0001:00043264       Finalization
 0001:00006D8C       Finalization
 0001:00076494       Finalization
 0001:000479F8       Finalization
 0001:000476D8       Finalization
 0001:00043224       Finalization
 0001:00048F00       Finalization
 0001:00015B2C       Finalization
 0001:00004E4C       FinalizeArray
 0001:00003510       FinalizeUnits
 0001:000095E8       FinalMsgHandler
 0001:00060904       Find
 0001:00038088       FindAncestor
 0001:000132A8       FindAndDeleteLink
 0001:00014288       FindApprovedDownLink
 0001:00005218       FindBS
 0001:000311F4       FindClass
 0001:000051A0       FindClassHInstance
 0001:0000032C       FindClose
 0001:00006054       FindClose
 0001:00012DF4       FindCodeAddrAndTarget
 0001:0000BCB0       FindCodeArea
 0001:00000CFC       FindCommitted
 0001:0004B014       FindControl
 0001:000573D4       FindControlAtPos
 0001:0002CFB0       FindCustomVariantType
 0001:0002D050       FindCustomVariantType
 0001:0004C9AC       FindDragTarget
 0001:00036020       FindExistingComponent
 0001:00000334       FindFirstFile
 0001:0000605C       FindFirstFile
 0001:0003165C       FindGlobalComponent
 0001:00064B2C       FindGlobalComponent
 0002:00005BB0       FindGlobalComponentProcs
 0001:00005178       FindHInstance
 0001:00031504       FindIdentToInt
 0001:00031488       FindIntToIdent
 0001:0001082C       FindMapFile
 0001:00011AC8       FindMapFile
 0001:00009600       FindModule
 0002:00005CD8       FindMsg
 0001:00013470       FindNearestExport
 0001:00035308       FindNestedComponent
 0001:0005CC8C       FindPopupControl
 0001:00006064       FindResource
 0001:000051F0       FindResourceHInstance
 0001:0006E570       FindScanline
 0001:00064A84       FindTopMostWindow
 0001:00036E50       FindUniqueName
 0001:00013F9C       FindValidStackArr
 0001:0004C978       FindVCLWindow
 0001:000066A4       FindWindow
 0001:00048D28       FindWinHelp
 0001:000172DC       FireHandlers
 0002:0000287C       FireHandlersMsg
 0002:00002878       FireHandlersWnd
 0002:00000C84       FixedBuild
 0002:00005870       FixedDistanceBits
 0002:00005878       FixedDistanceTable
 0002:0000586C       FixedLiteralBits
 0002:00005874       FixedLiteralTable
 0002:0000476C       FixedTablesMemory
 0001:0008F37C       FixParams
 0001:0003FBC4       FixupBitFields
 0002:00003478       Flags
 0002:00005A08       FLanguages
 0001:000446A0       FlatSB
 0002:00005C90       FlatSB_EnableScrollBar
 0002:00005C9C       FlatSB_GetScrollInfo
 0002:00005CA0       FlatSB_GetScrollPos
 0002:00005C98       FlatSB_GetScrollRange
 0002:00005CA8       FlatSB_SetScrollInfo
 0002:00005CA4       FlatSB_SetScrollPos
 0001:00044390       FlatSB_SetScrollProp
 0002:00005CAC       FlatSB_SetScrollRange
 0002:00005C94       FlatSB_ShowScrollBar
 0002:0000392C       FldSubTypeMap
 0002:00003904       FldTypeMap
 0001:00023AC0       FloatToDecimal
 0001:00023E00       FloatToStr
 0001:00023E60       FloatToStrF
 0001:000234F4       FloatToText
 0001:000237CC       FloatToTextFmt
 0001:00001F70       Flush
 0002:00000A4C       FMagic
 0002:00000A50       FMagic95
 0002:00000A54       FMagicReady
 0002:00002A24       FMSecsPerDay
 0001:00075690       FMTBcd
 0002:00003614       FMTBcdVariantType
 0001:000233F0       FmtStr
 0002:00003490       FocusCount
 0002:000027D8       FocusedBtn
 0002:0000348C       FocusMessages
 0002:00003048       FontCharsets
 0002:00005C2C       FontManager
 0001:00064B00       ForegroundTask
 0002:00005E20       Form1
 0001:000233DC       Format
 0002:00002A2C       Format
 0001:0007558C       FormatBcd
 0001:00022F48       FormatBuf
 0001:00022F3C       FormatClearStr
 0001:00023F28       FormatCurr
 0002:000027F0       FormatDisassembly
 0001:00013BA8       FormatEbpFrameChains
 0001:00022ED0       FormatError
 0002:00002A08       FormatErrorStrs
 0001:00023ED0       FormatFloat
 0001:00017D40       FormatMailAddr
 0001:0006F6AC       FormatMaskText
 0001:0000606C       FormatMessage
 0001:000751D4       FormatOneBcd
 0001:00007D70       FormatSubStrs
 0001:00022F28       FormatVarToStr
 0001:0006ECF4       Forms
 0002:0000281C       Forms_TApplication_HandleException
 0002:00002820       Forms_TApplication_ShowException
 0001:00018E3C       FourBitToHex
 0001:00002660       FPower10
 0002:0000317C       FPrinter
 0001:00073F20       FractionToStr
 0001:000066AC       FrameRect
 0001:00027F74       FreeAndNil
 0001:00000A68       FreeCommitted
 0001:00000F88       FreeCurAlloc
 0001:0004CA6C       FreeDeviceContext
 0001:0004CB28       FreeDeviceContexts
 0001:0003B010       FreeIntConstList
 0001:00006074       FreeLibrary
 0001:0000033C       FreeLibrary
 0002:000002E4       FreeLibrary16
 0001:0003F720       FreeMemoryContexts
 0001:0003B144       FreeObjectInstance
 0001:0008FC14       FreeProcParams
 0001:0000608C       FreeResource
 0001:000006E8       FreeSpace
 0001:000276F4       FreeTerminateProcs
 0002:00002810       FreezeTimeout
 0002:00002690       FrozenMsg
 0001:0000C2D8       Fs
 0002:00005898       functionCache
 0002:00005894       functionCount
 0002:00002818       FunctionsInitialized
 0001:00027800       GDAL
 0001:0003E1D4       GDICheck
 0001:0003E12C       GDIError
 0001:00006404       GdiFlush
 0001:0008B530       GenerateParamSQL
 0001:00006094       GetACP
 0001:000066B4       GetActiveWindow
 0001:0006C288       GetAnimation
 0001:0000640C       GetBitmapBits
 0001:0008F220       GetBlobSize
 0001:00000468       GetBlockDesc
 0001:00006414       GetBrushOrgEx
 0001:00017DF4       GetBugReportFile
 0001:000066BC       GetCapture
 0001:0004B2BC       GetCaptureControl
 0001:000311A0       GetClass
 0001:000066C4       GetClassInfo
 0001:000066CC       GetClassName
 0001:000066D4       GetClientRect
 0001:0000641C       GetClipBox
 0001:00000404       GetCmdShow
 0001:0005AA44       GetColor
 0001:000060A4       GetCommandLine
 0001:00000344       GetCommandLine
 0001:000008B4       GetCommitted
 0001:00000944       GetCommittedAt
 0001:00038ED0       GetComponentValue
 0001:000060AC       GetComputerName
 0001:0008F1C4       GetConnectionRegistryFile
 0001:00052044       GetControlAtPos
 0001:0002454C       GetCount
 0001:0000609C       GetCPInfo
 0001:00006424       GetCurrentPositionEx
 0001:000060B4       GetCurrentProcess
 0001:000060BC       GetCurrentProcessId
 0001:000060C4       GetCurrentThreadId
 0001:000003FC       GetCurrentThreadId
 0001:00006AA0       GetCurrentTime
 0001:000066DC       GetCursor
 0001:0006E580       GetCursorHeightMargin
 0001:000066E4       GetCursorPos
 0001:00024578       GetDate
 0001:000060CC       GetDateFormat
 0001:0002520C       GetDateOrder
 0001:000066EC       GetDC
 0001:000066F4       GetDCEx
 0001:0000642C       GetDCOrgEx
 0001:0004221C       GetDefFontCharSet
 0001:00032514       GetDesigner
 0001:000066FC       GetDesktopWindow
 0001:00006444       GetDeviceCaps
 0001:0003F11C       GetDIB
 0001:00006434       GetDIBColorTable
 0001:0000643C       GetDIBits
 0001:0003F064       GetDIBSizes
 0001:0003E344       GetDInColors
 0001:000060D4       GetDiskFreeSpace
 0001:000060DC       GetDiskFreeSpaceA
 0002:000029D8       GetDiskFreeSpaceEx
 0001:0001D748       GetDiskStr
 0001:0005868C       GetDockAlign
 0001:0004BC68       GetDockSiteAtPos
 0002:00005E10       GetDriver
 0001:0008F170       GetDriverRegistryFile
 0001:0004BF7C       GetDropCtl
 0001:00002CDC       GetDynaMethod
 0001:000152D4       GetEbp
 0001:0002DDB4       GetEnumName
 0001:0002DEA8       GetEnumNameValue
 0001:0002E154       GetEnumProp
 0001:0002DEF4       GetEnumValue
 0001:00025CE4       GetEraNamesAndYearOffsets
 0001:000252A0       GetEraYearOffset
 0001:00015944       GetErrorInfo
 0001:0001AA8C       GetExceptClass
 0001:000266A8       GetExceptionClass
 0001:0002688C       GetExceptionObject
 0001:00009D38       GetExceptionObject
 0001:0001A9AC       GetExceptMessage
 0001:00031128       GetFieldClassTable
 0001:000060E4       GetFileAttributes
 0001:000002C4       GetFileSize
 0001:000060EC       GetFileSize
 0001:000002BC       GetFileType
 0001:00008B68       GetFileVersion
 0001:0000634C       GetFileVersionInfo
 0001:00006354       GetFileVersionInfoSize
 0001:0002E87C       GetFloatProp
 0001:00006704       GetFocus
 0001:0003CD08       GetFontData
 0001:0000670C       GetForegroundWindow
 0001:000754C8       GetFormat
 0001:00027178       GetFormatSettings
 0001:00008A50       GetFreeSystemResources
 0001:000060F4       GetFullPathName
 0001:00012A1C       GetFunctionName
 0001:0003C2B4       GetHashCode
 0001:000698A8       GetHelpInfo
 0001:000436F8       GetHelpSystem
 0001:0006C06C       GetHint
 0001:0006C0A4       GetHintControl
 0001:00015F6C       gethostbyname
 0001:00062004       GetHotkey
 0001:00006714       GetIconInfo
 0001:00075FD8       GetIDsOfNames
 0001:00009724       GetImageDataDirectory
 0001:00009748       GetImageExportDirectory
 0001:000096D8       GetImageNtHeaders
 0001:00009A44       GetImageProcAddress
 0001:00009854       GetImageProcAddress
 0001:00009A90       GetImageProcName
 0001:0008B9D4       GetIndexForOrderBy
 0001:0002EC98       GetInt64Prop
 0001:0002ECFC       GetInterfaceProp
 0001:0000672C       GetKeyboardLayout
 0001:00006734       GetKeyboardLayoutList
 0001:0000673C       GetKeyboardState
 0001:00002948       GetKeyboardType
 0001:0000671C       GetKeyNameText
 0001:00006724       GetKeyState
 0001:00019298       GetLabel
 0001:00006744       GetLastActivePopup
 0001:00056954       GetLastChildZone
 0001:0000034C       GetLastError
 0001:000060FC       GetLastError
 0001:00025AA8       GetLocaleChar
 0001:00000354       GetLocaleInfo
 0001:0000610C       GetLocaleInfo
 0001:00025A5C       GetLocaleStr
 0001:00006104       GetLocalTime
 0001:0004B278       GetLongHint
 0001:0002E524       GetLongStrProp
 0001:0001042C       GetMapFileFromResources
 0001:0001D8A4       GetMemoryStatus
 0001:0000674C       GetMenu
 0001:00069830       GetMenuHelpContext
 0001:00006754       GetMenuItemCount
 0001:0000675C       GetMenuItemID
 0001:00006764       GetMenuItemInfo
 0001:0005F150       GetMenuSize
 0001:0000676C       GetMenuState
 0001:00006774       GetMenuString
 0001:0000677C       GetMessage
 0001:0002EC20       GetMethodProp
 0001:0000035C       GetModuleFileName
 0001:00006114       GetModuleFileName
 0001:0000611C       GetModuleFileNameA
 0001:00006124       GetModuleFileNameW
 0001:0000612C       GetModuleHandle
 0001:00000364       GetModuleHandle
 0001:00005DAC       GetModuleHandle
 0001:00006134       GetModuleHandleA
 0001:0000613C       GetModuleHandleW
 0001:00016B94       GetModuleList
 0001:0001EEA0       GetModuleReport
 0002:00005C58       GetMonitorInfo
 0002:00005C5C       GetMonitorInfoA
 0002:00005C60       GetMonitorInfoW
 0001:00025B0C       GetMonthDayNames
 0001:000104E8       GetNextLine
 0001:00006784       GetNextWindow
 0001:0000644C       GetObject
 0001:0002E084       GetOrdProp
 0001:00006454       GetPaletteEntries
 0001:0008F5D4       GetParamData
 0001:000019F0       GetParamStr
 0001:0000678C       GetParent
 0001:00064CF8       GetParentForm
 0001:00007334       GetPCharLen
 0001:0000645C       GetPixel
 0001:00006144       GetProcAddress
 0001:0000036C       GetProcAddress
 0002:000002E8       GetProcAddress16
 0002:000002F0       GetProcNameFromMapFile
 0001:00011BF8       GetProcNameFromMapFile
 0001:0008F4E0       GetProfileString
 0001:00006794       GetProp
 0001:0002DFC8       GetPropInfo
 0001:0002DF58       GetPropInfo
 0001:0002D734       GetPropInfo
 0001:0002D754       GetPropInfo
 0001:0002E000       GetPropInfos
 0001:0002D774       GetPropValue
 0001:000651B8       GetRealScrollPosition
 0001:0008F034       GetRegistryFile
 0001:0001DA78       GetReportHeader
 0001:0005AA24       GetRGBColor
 0001:00096658       GetRows
 0001:00015B9C       GetSaveFileName
 0001:0000679C       GetScrollInfo
 0001:000067A4       GetScrollPos
 0001:000067AC       GetScrollRange
 0001:00017C90       GetSeconds
 0001:000193C8       GetServers
 0001:0002E1C8       GetSetProp
 0001:0004B234       GetShortHint
 0001:0002E41C       GetShortStrProp
 0001:0002E4B4       GetShortStrPropAsLongStr
 0001:0000060C       GetSpace
 0001:00000670       GetSpaceAt
 0001:0005CD1C       GetSpecialName
 0001:0008AD7C       GetSQLToken
 0001:00013198       GetStackAddr
 0001:0001319C       GetStackTop
 0001:00000374       GetStartupInfo
 0001:0000614C       GetStdHandle
 0001:000002CC       GetStdHandle
 0001:00006464       GetStockObject
 0001:00006154       GetStringTypeEx
 0001:0002E654       GetStrProp
 0001:000067B4       GetSubMenu
 0001:000067BC       GetSysColor
 0001:0000615C       GetSystemInfo
 0001:000067C4       GetSystemMenu
 0002:00005C48       GetSystemMetrics
 0001:000067CC       GetSystemMetrics
 0001:0000646C       GetSystemPaletteEntries
 0001:00006164       GetSystemTime
 0001:0001D4D0       GetSystemUpTime
 0001:0008B86C       GetTableNameFromSQL
 0001:0008F008       GetTableScope
 0001:00017238       GetTebIndex
 0001:00006474       GetTextExtentPoint32
 0001:0000647C       GetTextMetrics
 0001:0000616C       GetThreadContext
 0001:0001E574       GetThreadInfo
 0001:000160E8       GetThreadList
 0001:00006174       GetThreadLocale
 0001:0000037C       GetThreadLocale
 0001:0001E4EC       GetThreadPointers
 0001:0001E814       GetThreadStack
 0001:0000617C       GetTickCount
 0001:000245B0       GetTime
 0001:00005DD8       GetTlsSize
 0001:0006C82C       GetTopMostWindows
 0001:0004B3C4       GetTopParent
 0001:000067D4       GetTopWindow
 0001:0001D988       GetTSClientName
 0001:0002DDA8       GetTypeData
 0001:00005F64       GetUserName
 0001:00071D34       GetValueAndMultiplyOrder
 0001:0002B8A0       GetVarArray
 0001:0002B754       GetVarDataArrayInfo
 0001:000047D8       GetVariantManager
 0001:0002EBA0       GetVariantProp
 0001:00006184       GetVersion
 0001:0000618C       GetVersionEx
 0001:00006194       GetVersionExA
 0001:0000619C       GetVersionExW
 0001:0002E6C0       GetWideStrProp
 0001:0002E5A4       GetWideStrPropAsLongStr
 0001:000067DC       GetWindow
 0001:000067E4       GetWindowDC
 0001:000067EC       GetWindowLong
 0001:00006484       GetWindowOrgEx
 0001:000067F4       GetWindowPlacement
 0001:000067FC       GetWindowRect
 0001:000061A4       GetWindowsDirectory
 0001:00006804       GetWindowText
 0001:0000680C       GetWindowThreadProcessId
 0001:00006814       GetWindowThreadProcessId
 0001:000061AC       GlobalAddAtom
 0001:000061B4       GlobalAlloc
 0001:00006AB4       GlobalAllocPtr
 0001:000061BC       GlobalDeleteAtom
 0001:000061C4       GlobalFindAtom
 0002:00005BB4       GlobalFixupList
 0001:00035450       GlobalFixupReferences
 0001:000061CC       GlobalFree
 0001:00006AE0       GlobalFreePtr
 0001:000061DC       GlobalHandle
 0001:000061D4       GlobalLock
 0001:000061E4       GlobalMemoryStatus
 0002:00005B9C       GlobalNameSpace
 0001:000061EC       GlobalReAlloc
 0001:00006AC4       GlobalReAllocPtr
 0001:000061F4       GlobalUnlock
 0002:00005AE0       GOldVariantManager
 0001:000426E0       Graphics
 0001:0003131C       GroupDescendentsWith
 0002:00002138       GUID_NULL
 0002:00005A34       GVariantManager
 0001:000366E8       HandleException
 0001:0001D2B8       HandleException
 0002:0000294C       HandleExceptionRP
 0002:0000280C       HandleExceptions_
 0002:00002948       HandleExceptionTh
 0001:0001D154       HandleExceptionThread
 0002:00002944       HandleExceptionTid
 0002:00002950       HandleExceptionWP
 0001:0001FCC8       HandleHiddenException
 0002:00002858       HandlerSection
 0002:00000010       HeapAllocFlags
 0002:000045C4       heapErrorCode
 0002:000045C8       heapLock
 0001:0004430C       HelpIntfs
 0002:00005C84       HelpManager
 0002:00005CD4       HelpMsg
 0002:00005CFC       HelpViewer
 0002:000029D4       HexDisplayPrefix
 0001:00039EA4       HexToBin
 0002:000058D8       HiddenHandlers
 0002:000058DC       HiddenHandlersOO
 0002:000031B4       HideSelections
 0002:000027E8       HideUglyItems
 0001:00058708       HideZone
 0002:00004718       HInstance
 0002:00005DAC       HintDoneEvent
 0001:0006C174       HintGetMsgHook
 0002:00005DB0       HintHook
 0001:0006C118       HintMouseThread
 0002:00005DB4       HintThread
 0002:00005DA8       HintThreadID
 0001:0006C0C4       HintTimerProc
 0002:00003488       HintWindowClass
 0001:0001FF6C       HookedCreateThread
 0001:0001FF14       HookedTThreadExecute
 0001:0006C1B8       HookHintHooks
 0001:00015F2C       htons
 0001:00006B60       HwndMSWheel
 0002:00005FFC       i
 0002:0000341C       IBreaks
 0002:00003428       IChecks
 0002:00003430       IDefaults
 0001:0003CCF8       IdentToCharset
 0001:0003CAF0       IdentToColor
 0001:0004B224       IdentToCursor
 0001:00031580       IdentToInt
 0002:00003438       IEnables
 0001:0005FEF4       IfHotkeyAvailable
 0001:000159A8       ImageList_Add
 0001:000159C8       ImageList_AddIcon
 0001:000159EC       ImageList_BeginDrag
 0001:00015990       ImageList_Create
 0001:00015998       ImageList_Destroy
 0001:000159FC       ImageList_DragEnter
 0001:00015A04       ImageList_DragLeave
 0001:00015A0C       ImageList_DragMove
 0001:00015A1C       ImageList_DragShowNolock
 0001:000159D4       ImageList_Draw
 0001:000159DC       ImageList_DrawEx
 0001:000159F4       ImageList_EndDrag
 0001:000159C0       ImageList_GetBkColor
 0001:00015A24       ImageList_GetDragImage
 0001:00015A3C       ImageList_GetIconSize
 0001:000159A0       ImageList_GetImageCount
 0001:00015A2C       ImageList_Read
 0001:000159E4       ImageList_Remove
 0001:000159B0       ImageList_ReplaceIcon
 0001:000159B8       ImageList_SetBkColor
 0001:00015A14       ImageList_SetDragCursorImage
 0001:00015A44       ImageList_SetIconSize
 0001:00015A34       ImageList_Write
 0002:0000338C       Images
 0001:0005BD90       ImgList
 0001:00043294       Imm
 0002:00003370       IMM32DLL
 0001:000592FC       Imm32IsIME
 0001:00010218       ImportStr
 0002:00002A28       IMSecsPerDay
 0001:000289CC       Increment
 0002:000035C4       IncrementAmount
 0001:00014524       InDeepCheck
 0001:00015F34       inet_addr
 0001:0000D96C       InflateBlockReset
 0001:0000DAE8       InflateBlocks
 0001:0000D9AC       InflateBlocksNew
 0001:0000C8F4       InflateCodes
 0001:0000C8C0       InflateCodesNew
 0001:0000C4A4       InflateFast
 0001:0000C3E8       InflateFlush
 0002:00000A58       InflateMask
 0001:0000681C       InflateRect
 0001:0000D5CC       InflateTreesBits
 0001:0000D670       InflateTreesDynamic
 0001:0000D7A4       InflateTreesFixed
 0001:0008D740       IniFiles
 0001:0002063C       Init
 0001:00000AF4       InitAllocator
 0001:00042ADC       InitAnApi
 0001:00017B58       InitAntiFreeze
 0002:00005C70       InitApis
 0001:0007641C       InitComObj
 0001:00031828       InitComponent
 0002:00004634       InitContext
 0001:00059398       InitControls
 0001:00020334       InitCreateThreadHook
 0001:00042260       InitDefFontData
 0001:00027890       InitDriveSpacePtr
 0001:00026968       InitExceptions
 0001:000179E0       InitFireHandlers
 0001:000443EC       InitFlatSB
 0001:00047F04       InitGlobals
 0001:0001D1A0       InitHandleExceptionThread
 0001:0003EF1C       InitializeBitmapInfoHeader
 0001:000061FC       InitializeCriticalSection
 0001:00000448       InitializeCriticalSection
 0002:000045C0       initialized
 0001:000443C4       InitializeFlatSB
 0001:00005E64       InitializeModule
 0001:00005F6C       InitializeSecurityDescriptor
 0001:00058F9C       InitIMM32
 0001:000318D0       InitInheritedComponent
 0001:00026F8C       InitLeadBytes
 0001:000431B8       InitMultiMonStubs
 0001:00026A58       InitPlatformId
 0002:00004044       InitProc
 0001:0006EC0C       InitProcs
 0001:000421E4       InitScreenLogPixels
 0001:00027004       InitSysLocale
 0001:00005DE0       InitThreadTLS
 0001:00009DAC       InitTryExceptFinally
 0001:00003570       InitUnits
 0001:000047B8       InitVariantManager
 0001:0004AF2C       InitWndProc
 0002:00003310       InnerStyles
 0002:00004050       Input
 0001:0006BB9C       InsertBefore
 0001:00050950       InsertBefore
 0001:00000F00       InsertFree
 0001:0005FFA8       InsertHotkeyFarEastFormat
 0001:00006824       InsertMenu
 0001:0000682C       InsertMenuItem
 0002:00005BD4       InstBlockList
 0002:00005BD8       InstFreeList
 0001:0002B0B0       Int64Compare
 0001:0002A6B8       Int64Op
 0001:0002B09C       IntCompare
 0002:00005BA8       IntConstList
 0001:000719D4       IntegerToBcd
 0001:0001F6B0       InterceptAHandleExcept
 0001:0001F674       InterceptAShowExcept
 0001:0001FC60       InterceptExceptionHandler
 0001:0001F814       InterceptExceptProc
 0001:0001F7F0       InterceptFinalizeUnits
 0001:0001FE90       InterceptFreeExceptObject
 0001:0001F7A4       InterceptInitializePackage
 0001:0001F658       InterceptSShowExcept
 0001:0001F6E0       InterceptSynchronize
 0001:0001F6F8       InterceptWriteErrorMessage
 0001:0000607C       InterlockedDecrement
 0001:000278F8       InterlockedDecrement
 0001:000003F4       InterlockedDecrement
 0001:00027904       InterlockedExchange
 0001:0002790C       InterlockedExchangeAdd
 0001:000003EC       InterlockedIncrement
 0001:000278EC       InterlockedIncrement
 0001:00006084       InterlockedIncrement
 0001:00001CE4       InternalClose
 0001:0003C240       InternalDeletePalette
 0001:00001F28       InternalFlush
 0001:00000D5C       InternalFreeMem
 0001:0003F06C       InternalGetDIB
 0001:0003F000       InternalGetDIBSizes
 0001:000316C0       InternalReadComponentRes
 0001:00003DC0       InternalUniqueString
 0001:0000648C       IntersectClipRect
 0001:00006834       IntersectRect
 0001:0002A594       IntOp
 0001:00007978       IntToHex
 0001:00007A24       IntToHex
 0001:00007B14       IntToHexEx
 0001:00007C4C       IntToHexEx
 0001:000315C0       IntToIdent
 0001:000077CC       IntToStr
 0001:000227C4       IntToStr
 0001:00007888       IntToStr
 0001:000227F4       IntToStr
 0001:00007ACC       IntToStrEx
 0001:00007BBC       IntToStrEx
 0001:00007C08       IntToStrEx
 0001:000141D4       InvalidateFunction
 0001:0000683C       InvalidateRect
 0001:00013320       InvalidateStackItem
 0001:0007325C       InvalidBcdString
 0001:0003E0C0       InvalidBitmap
 0001:0003E0A8       InvalidGraphic
 0001:0003E0CC       InvalidIcon
 0001:00016D54       InvalidImportTable
 0001:0003E090       InvalidOperation
 0001:000306D0       InvalidPoint
 0002:00005A04       InvalidPointer
 0001:00002B94       InvokeImplGetter
 0001:00001990       IOResult
 0002:00003458       IOwnerDraw
 0002:00003440       IRadios
 0002:00003450       IRTL
 0001:00064C88       IsAccel
 0001:00061158       IsAccelChar
 0001:00006204       IsBadReadPtr
 0001:00074194       IsBcdNegative
 0001:0007419C       IsBcdZero
 0001:0004BA20       IsBeforeTargetWindow
 0001:00006844       IsChild
 0001:0001A908       IsClass
 0002:0000404C       IsConsole
 0001:00039040       IsDefault
 0001:00038DC4       IsDefault
 0001:000392D0       IsDefaultValue
 0001:00038B58       IsDefaultValue
 0001:00038D2C       IsDefaultValue
 0001:00038C88       IsDefaultValue
 0001:000394C4       IsDefaultValue
 0001:000395FC       IsDefaultValue
 0001:0004BE7C       IsDelphiHandle
 0001:0000684C       IsDialogMessage
 0001:0002BCF4       IsDynArrayRectangular
 0002:00003448       ISeparators
 0001:00006854       IsIconic
 0001:000611B4       IsInitialChar
 0001:000241C0       IsLeapYear
 0002:00004038       IsLibrary
 0001:00085858       IsLiteral
 0001:0006F314       IsLiteralChar
 0002:0000404D       IsMultiThread
 0001:000563B8       IsOrientationSet
 0001:0001725C       IsProcessBlocked
 0001:0000685C       IsRectEmpty
 0001:0008D83C       IsRelative
 0001:00017248       IsSectionLocked
 0001:0004BC24       IsSiteChildOfClient
 0001:0006FBA4       IsSQLTimeStampBlank
 0001:00070748       IsSqlTimeStampValid
 0001:00013B2C       IsStdWndClassChain
 0001:0002E054       IsStoredProp
 0001:00007238       IsTextEqual
 0001:0003169C       IsUniqueGlobalComponentName
 0002:00005BA0       IsUniqueGlobalComponentNameProc
 0001:00022760       IsValidIdent
 0001:0000A414       IsValidOpcode
 0001:00026FEC       IsWesternGroup
 0001:00006864       IsWindow
 0001:0000686C       IsWindowEnabled
 0001:00006874       IsWindowVisible
 0001:0000687C       IsZoomed
 0001:0005D0E8       Iterate
 0001:0005D148       IterateMenus
 0002:00006000       j
 0002:00000018       JITEnable
 0001:0000719C       Keep
 0001:0000C158       kernel32handle
 0002:00004764       kernel32handle_
 0001:0000C204       KernelProc
 0001:00064C3C       KeyboardStateToShiftState
 0001:00064C00       KeyDataToShiftState
 0001:00064BAC       KeysToShiftState
 0001:00006884       KillTimer
 0002:00002894       Last10Exceptions
 0001:00022AA0       LastDelimiter
 0001:00026F18       LCIDToCodePage
 0002:000029B4       LeadBytes
 0001:0000620C       LeaveCriticalSection
 0001:00000458       LeaveCriticalSection
 0001:00071C44       LeftTrim
 0002:00000024       LibModuleList
 0002:000027F4       LimitDisassembly
 0001:00006494       LineTo
 0001:00010148       Line_LoadFromStream
 0001:0000FF48       Line_NewItem
 0001:0000FFE0       Line_ParseStr
 0001:0004C9F4       ListAdd
 0002:000027E4       ListModules
 0001:0004CA1C       ListRemove
 0002:000059BA       ListSeparator
 0002:000027E0       ListThreads
 0002:00002D5C       LNextVarType
 0001:0000688C       LoadBitmap
 0001:00075A5C       LoadComExProcs
 0001:00006894       LoadCursor
 0001:00092CEC       LoadDriverParams
 0001:00086590       LoadFromStreamPersist
 0001:000865F0       LoadFromStrings
 0001:0000689C       LoadIcon
 0001:000068A4       LoadImage
 0001:000068AC       LoadKeyboardLayout
 0001:00006214       LoadLibrary
 0002:000002E0       LoadLibrary16
 0001:00000384       LoadLibraryEx
 0001:0000621C       LoadLibraryEx
 0001:0008FC50       LoadParamListItems
 0001:00006224       LoadResource
 0001:000053E4       LoadResourceModule
 0001:00005C8C       LoadResString
 0001:0000F44C       LoadStrFromFile
 0001:0000038C       LoadString
 0001:000068B4       LoadString
 0001:0000622C       LocalAlloc
 0001:00000428       LocalAlloc
 0001:00005DB4       LocalAlloc
 0001:00006234       LocalFree
 0001:00000430       LocalFree
 0001:00025AD0       LocalGetLocaleStr
 0001:0000623C       LocalSize
 0001:00006244       LockResource
 0001:0001F7EC       Log1
 0001:00091008       Login
 0002:00005DE4       LoginDialogExProc
 0002:000058FC       LongDateFormat
 0002:00005990       LongDayNames
 0002:00005944       LongMonthNames
 0002:00005910       LongTimeFormat
 0001:0007DE8C       LookupStored
 0002:000000A4       lowCharTable
 0001:000222D8       LowerCase
 0001:00006344       lstrcpy
 0001:00000394       lstrcpyn
 0002:00005B8C       LVarTypes
 0002:00005B90       LVarTypeSync
 0001:0000F0E0       madCrypt
 0001:0000C3E0       madDisAsm
 0001:00021584       madExcept
 0002:0000285C       madExceptBuf
 0001:00006D50       MadException.Create
 0001:00011CD4       madMapFile
 0001:000158F0       madStackTrace
 0001:00008648       madStrings
 0001:00009E28       madTools
 0001:000204BC       madTraceProcess
 0001:00006DBC       madTypes
 0001:0000E670       madZip
 0001:0000C2DC       Magic
 0001:0000C39C       Magic95
 0002:00002170       MailAddr
 0002:000021FC       MailAsSmtpClient
 0002:000021F8       MailAsSmtpServer
 0002:000026F8       MailBugRep
 0001:00018220       MailBugReport
 0001:00017EB0       MailBugReportEx
 0002:0000238C       MailFailureMsg
 0002:0000216C       MailFrom
 0002:000021BC       MailSubject
 0002:000022C0       MailSuccessMsg
 0002:00002204       MailViaMailto
 0002:00002200       MailViaMapi
 0002:00004030       MainInstance
 0002:00004034       MainThreadID
 0001:000004B8       MakeEmpty
 0001:00003680       MakeErrorMessage
 0002:0000335C       MakeLast
 0001:00006A94       MakeLong
 0001:0003B0AC       MakeObjectInstance
 0001:00006AF4       MakeROP4
 0001:00026628       MapException
 0002:00005884       MapFileCache
 0001:000118F0       MapFileCache_Add
 0001:00011A90       MapFileCache_Clear
 0001:0001196C       MapFileCache_Get
 0001:0001FA98       MapToRunError
 0001:00003388       MapToRunError
 0001:0000624C       MapViewOfFile
 0001:000068BC       MapVirtualKey
 0001:000068C4       MapWindowPoints
 0002:00003394       Mask
 0001:0000649C       MaskBlt
 0001:0006EF38       MaskDoFormatText
 0002:000035AC       MaskFieldSeparator
 0001:0006ED48       MaskGetCharType
 0001:0006EE9C       MaskGetCurrentDirectives
 0001:0006F154       MaskGetMaskSave
 0001:0006EF18       MaskIntlLiteralToChar
 0002:000035B0       MaskNoSave
 0001:0006F264       MaskOffsetToOffset
 0001:0006F1D8       MaskOffsetToString
 0001:0006F710       MaskUtils
 0001:0004281C       Math
 0001:000427E4       Max
 0001:00067610       MaximizedChildren
 0002:0000002C       MemoryManager
 0002:000033B0       MenuKeyCaps
 0001:000621D4       Menus
 0001:00000508       MergeBlockAfter
 0001:00000FD4       MergeCommit
 0001:000068CC       MessageBeep
 0001:00000324       MessageBox
 0001:000068D4       MessageBox
 0001:000068DC       MessageBoxA
 0001:00008680       Messages
 0001:00008D48       MethodToProcedure
 0001:000427DC       Min
 0001:00032120       Min
 0001:00050298       MinVar
 0002:00005C78       MMAvailable
 0001:00097DE0       MMSystem
 0002:00003374       ModeMap
 0001:0006923C       ModifySystemMenu
 0002:0000008C       Module
 0002:00005890       moduleCache
 0002:0000588C       moduleCount
 0002:0000470D       ModuleIsCpp
 0002:0000470C       ModuleIsLib
 0001:000169DC       ModuleName
 0001:0003B07C       ModuleUnload
 0002:00000028       ModuleUnloadList
 0002:00005C54       MonitorFromPoint
 0002:00005C50       MonitorFromRect
 0002:00005C4C       MonitorFromWindow
 0002:00002984       MonthDays
 0002:00005D00       Mouse
 0001:000019B0       Move
 0001:000064A4       MoveToEx
 0001:0004CA3C       MoveWindowOrg
 0001:0002407C       MSecsToTimeStamp
 0002:000002EC       MsgHandlerMutex
 0001:00008F7C       MsgHandlerWindow
 0001:00008DF4       MsgHandlerWindowProc
 0002:0000475C       MsgHandlerWindows
 0001:00006254       MulDiv
 0001:0000625C       MultiByteToWideChar
 0001:000003A4       MultiByteToWideChar
 0001:00043254       MultiMon
 0001:00019860       MxLookup
 0001:00085830       NameDelimiter
 0001:000171E4       NameThread
 0001:000889F0       NativeToDateTime
 0002:00005DE0       NeedToUninitialize
 0002:000058F1       NegCurrFormat
 0001:00001060       NewCommit
 0001:0000108C       NewCommitAt
 0001:000122C8       NewProgressBar
 0002:00005D04       NewStyleControls
 0001:00026D9C       NextCharIndex
 0002:0000295C       NextCreateThread
 0001:00072938       NextDigit
 0001:0008F278       NextPiece
 0001:0008B1D4       NextSQLToken
 0001:0008ACC0       NextTokenIs
 0001:0005639C       NextVisibleZone
 0001:0002E2DC       NextWord
 0002:00002DAC       NilMethod
 0002:0000001C       NoErrMsg
 0001:0005DEF0       NormalDraw
 0001:00073744       NormalizeBcd
 0001:00094B4C       NormalizeBcdData
 0001:00073828       NormalizeBcdPair
 0001:0007312C       NormalizeFractions
 0001:00002F40       NotifyAnyExcept
 0001:000325AC       NotifyDesigner
 0001:00088F18       NotifyDetails
 0001:00002F14       NotifyExcept
 0001:00002F74       NotifyExceptFinally
 0001:0003179C       NotifyGlobalLoading
 0001:000056E4       NotifyModuleUnload
 0001:00002EF0       NotifyNonDelphiException
 0001:00002F2C       NotifyOnExcept
 0001:00002ED4       NotifyReRaise
 0001:00002F9C       NotifyTerminate
 0001:00002FB8       NotifyUnhandled
 0001:000194BC       nslookup
 0001:00060B34       NthParentOf
 0001:0002D140       Null
 0002:000035F0       NullBcd
 0002:000035B4       NullSQLTimeStamp
 0001:00038FF8       ObjectAncestorMatch
 0001:0004AFE4       ObjectFromHWnd
 0002:000031BC       OEMConverts
 0001:000068E4       OemToAnsi
 0001:000068EC       OffsetRect
 0001:0006F2B8       OffsetToMaskOffset
 0001:0000EEC0       OldDecrypt
 0001:0000EE5C       OldEncrypt
 0001:00075A44       OleCheck
 0001:00075A28       OleError
 0001:00004750       OleStrToStrVar
 0002:00005DD4       OleUninitializing
 0001:00029F18       OleVarFromAny
 0001:00029F7C       OleVarFromVarArrayProc
 0001:000068F4       OpenClipboard
 0001:00006264       OpenFileMapping
[...]
  3450 0001:0001EB0F  3451 0001:0001EB28  3452 0001:0001EB3D  3454 0001:0001EB67
  3456 0001:0001EB7C  3457 0001:0001EB84  3458 0001:0001EB91  3459 0001:0001EB9F
  3460 0001:0001EBAD  3461 0001:0001EBC3  3462 0001:0001EBD0  3463 0001:0001EBF6
  3465 0001:0001EC16  3467 0001:0001EC60  3469 0001:0001EC6A  3470 0001:0001EC8D
  3471 0001:0001EC96  3472 0001:0001ECCC  3474 0001:0001ECD6  3475 0001:0001ECE6
  3476 0001:0001ED12  3478 0001:0001ED1A  3479 0001:0001ED27  3480 0001:0001ED38
  3481 0001:0001ED5F  3482 0001:0001ED7B  3483 0001:0001EDA6  3484 0001:0001EDAE
  3479 0001:0001EDAF  3486 0001:0001EDBF  3487 0001:0001EE0C  3494 0001:0001EEA0
  3495 0001:0001EEC1  3496 0001:0001EECE  3497 0001:0001EED8  3498 0001:0001EEDA
  3499 0001:0001EEDC  3500 0001:0001EEF3  3501 0001:0001EEFE  3502 0001:0001EF0B
  3503 0001:0001EF16  3504 0001:0001EF23  3505 0001:0001EF2E  3499 0001:0001EF31
  3506 0001:0001EF36  3507 0001:0001EF40  3508 0001:0001EF4A  3509 0001:0001EF65
  3510 0001:0001EF70  3511 0001:0001EF91  3512 0001:0001EFAB  3511 0001:0001EFB9
  3513 0001:0001EFBC  3514 0001:0001EFDD  3515 0001:0001EFF7  3514 0001:0001F005
  3516 0001:0001F008  3517 0001:0001F065  3508 0001:0001F068  3518 0001:0001F0AE
  3521 0001:0001F0E4  3522 0001:0001F107  3523 0001:0001F10E  3524 0001:0001F112
  3525 0001:0001F118  3526 0001:0001F138  3527 0001:0001F13D  3528 0001:0001F16E
  3530 0001:0001F194  3532 0001:0001F1C1  3533 0001:0001F1C9  3534 0001:0001F1D7
  3535 0001:0001F1F1  3536 0001:0001F20B  3537 0001:0001F22F  3538 0001:0001F238
  3539 0001:0001F25F  3540 0001:0001F268  3542 0001:0001F295  3543 0001:0001F2A3
  3544 0001:0001F2C4  3545 0001:0001F2CD  3547 0001:0001F30E  3550 0001:0001F33A
  3566 0001:0001F3E4  3567 0001:0001F409  3568 0001:0001F40D  3569 0001:0001F415
  3570 0001:0001F423  3571 0001:0001F42F  3572 0001:0001F43B  3574 0001:0001F479
  3575 0001:0001F484  3576 0001:0001F490  3577 0001:0001F4AC  3578 0001:0001F4B7
  3579 0001:0001F4C8  3581 0001:0001F4D9  3583 0001:0001F4EC  3584 0001:0001F516
  3590 0001:0001F520  3591 0001:0001F53C  3592 0001:0001F559  3593 0001:0001F568
  3594 0001:0001F576  3595 0001:0001F58A  3596 0001:0001F5B2  3597 0001:0001F5D5
  3591 0001:0001F5DD  3598 0001:0001F5E6  3599 0001:0001F613  3607 0001:0001F61C
  3608 0001:0001F61F  3609 0001:0001F623  3610 0001:0001F62C  3611 0001:0001F638
  3615 0001:0001F63C  3616 0001:0001F640  3617 0001:0001F64C  3630 0001:0001F650
  3631 0001:0001F652  3632 0001:0001F655  3636 0001:0001F658  3638 0001:0001F65E
  3639 0001:0001F671  3643 0001:0001F674  3645 0001:0001F677  3646 0001:0001F680
  3647 0001:0001F69B  3648 0001:0001F6AE  3654 0001:0001F6B0  3655 0001:0001F6CA
  3656 0001:0001F6DD  3662 0001:0001F6E0  3663 0001:0001F6F3  3664 0001:0001F6F5
  3669 0001:0001F6F8  3671 0001:0001F70C  3672 0001:0001F715  3673 0001:0001F736
  3674 0001:0001F749  3675 0001:0001F762  3676 0001:0001F786  3701 0001:0001F7A4
  3703 0001:0001F7AA  3704 0001:0001F7B8  3705 0001:0001F7CD  3706 0001:0001F7E5
  3714 0001:0001F7EC  3722 0001:0001F7F0  3723 0001:0001F7F5  3724 0001:0001F80D
  3725 0001:0001F813  3729 0001:0001F814  3733 0001:0001F81D  3736 0001:0001F83A
  3737 0001:0001F84E  3738 0001:0001F855  3747 0001:0001F85C  3748 0001:0001F887
  3749 0001:0001F8A0  3750 0001:0001F8B2  3751 0001:0001F8E4  3755 0001:0001F8EC
  3756 0001:0001F92D  3757 0001:0001F933  3758 0001:0001F942  3759 0001:0001F964
  3760 0001:0001F971  3765 0001:0001F9AC  3767 0001:0001F9B9  3768 0001:0001F9E1
  3769 0001:0001F9E7  3770 0001:0001FA0B  3771 0001:0001FA2D  3773 0001:0001FA7A
  3777 0001:0001FA98  3778 0001:0001FAAE  3779 0001:0001FB3C  3780 0001:0001FB4E
  3781 0001:0001FB60  3782 0001:0001FB72  3783 0001:0001FB81  3784 0001:0001FB90
  3785 0001:0001FB9F  3786 0001:0001FBAE  3787 0001:0001FBC5  3788 0001:0001FBD4
  3789 0001:0001FBE3  3790 0001:0001FBF2  3792 0001:0001FBFF  3793 0001:0001FC10
  3794 0001:0001FC27  3795 0001:0001FC50  3798 0001:0001FC58  3809 0001:0001FC60
  3811 0001:0001FC64  3812 0001:0001FC6B  3814 0001:0001FC6D  3815 0001:0001FC71
  3816 0001:0001FC72  3817 0001:0001FC74  3818 0001:0001FC75  3819 0001:0001FC7B
  3821 0001:0001FC7F  3822 0001:0001FC81  3823 0001:0001FC82  3824 0001:0001FC87
  3825 0001:0001FC88  3828 0001:0001FC8D  3829 0001:0001FC91  3830 0001:0001FC97
  3831 0001:0001FC9A  3832 0001:0001FC9D  3833 0001:0001FC9F  3834 0001:0001FCA5
  3835 0001:0001FCA7  3836 0001:0001FCA9  3837 0001:0001FCAF  3838 0001:0001FCB1
  3839 0001:0001FCB3  3840 0001:0001FCB5  3841 0001:0001FCBB  3844 0001:0001FCBE
  3845 0001:0001FCC0  3848 0001:0001FCC5  3849 0001:0001FCC7  3877 0001:0001FCC8
  3879 0001:0001FCFE  3880 0001:0001FD0C  3882 0001:0001FD3E  3883 0001:0001FD44
  3884 0001:0001FD5A  3885 0001:0001FD62  3886 0001:0001FD84  3887 0001:0001FDAE
  3888 0001:0001FDB3  3889 0001:0001FDCB  3890 0001:0001FDD1  3891 0001:0001FDF4
  3892 0001:0001FDFA  3893 0001:0001FE17  3894 0001:0001FE1B  3895 0001:0001FE1F
  3898 0001:0001FE66  3903 0001:0001FE90  3904 0001:0001FE91  3905 0001:0001FE92
  3906 0001:0001FE97  3907 0001:0001FE98  3908 0001:0001FE99  3909 0001:0001FE9E
  3937 0001:0001FEA0  3938 0001:0001FEA9  3939 0001:0001FEAB  3940 0001:0001FEAE
  3941 0001:0001FEB8  3942 0001:0001FEC6  3944 0001:0001FEDA  3945 0001:0001FEDD
  3947 0001:0001FEF5  3948 0001:0001FF0B  3953 0001:0001FF14  3954 0001:0001FF1A
  3955 0001:0001FF28  3957 0001:0001FF3B  3959 0001:0001FF53  3960 0001:0001FF67
  3981 0001:0001FF6C  3983 0001:0001FFA5  3985 0001:0001FFA8  3986 0001:0001FFB6
  3987 0001:0001FFBF  3988 0001:0001FFCD  3989 0001:0001FFD8  3990 0001:0001FFEA
  3991 0001:0001FFEF  3992 0001:0001FFF4  3993 0001:0001FFFB  3994 0001:00020002
  3995 0001:0002000C  3996 0001:00020016  3997 0001:0002002C  3999 0001:00020034
  4000 0001:0002003C  4004 0001:00020079  4005 0001:0002007B  4009 0001:0002007F
  4010 0001:00020082  4011 0001:00020088  4006 0001:00020089  4013 0001:000200BF
  4019 0001:00020112  4021 0001:00020133  4023 0001:0002013B  4024 0001:00020143
  4026 0001:00020151  4027 0001:00020197  4028 0001:000201A1  4029 0001:000201AF
  4030 0001:000201BA  4032 0001:000201C8  4036 0001:000201D2  4037 0001:000201DD
  4038 0001:000201E0  4039 0001:000201EB  4040 0001:000201EF  4041 0001:000201F6
  4042 0001:000201FC  4043 0001:00020216  4045 0001:0002022B  4046 0001:00020249
  4050 0001:00020269  4051 0001:0002026E  4052 0001:00020278  4053 0001:0002027D
  4054 0001:00020283  4055 0001:000202A1  4056 0001:000202A7  4057 0001:000202AF
  4058 0001:000202B3  4060 0001:0002030D  4065 0001:00020334  4067 0001:00020349
  4068 0001:00020362  4071 0001:00020370  4072 0001:0002037F  4073 0001:0002039E
  4074 0001:000203B3  4078 0001:000203BC  4079 0001:000203C6  4083 0001:00020407
  4086 0001:00020434  4088 0001:00020447  4089 0001:00020450  4090 0001:0002045F
  4091 0001:0002047E  4092 0001:000204B6  4099 0001:000204BC  4100 0001:000204D0
  4101 0001:000204D2  4102 0001:000204E1  4103 0001:000204FC  4104 0001:00020527
  4127 0001:0002053C  4129 0001:00020554  4130 0001:0002058D  4132 0001:00020591
  4133 0001:000205A1  4134 0001:000205A5  4135 0001:000205AE  4136 0001:000205BF
  4138 0001:000205C3  4139 0001:000205CB  4141 0001:000205D1  4142 0001:000205E3
  4144 0001:000205E9  4146 0001:00020611  4153 0001:00020634  4154 0001:0002063B
  4173 0001:0002063C  4178 0001:00020684  4179 0001:00020692  4180 0001:0002069B
  4181 0001:00020715  4182 0001:00020734  4184 0001:0002077F  4186 0001:0002078C
  4187 0001:000207A2  4188 0001:000207AE  4189 0001:000207C1  4190 0001:000207D5
  4191 0001:000207DF  4192 0001:000207E7  4193 0001:000207EF  4194 0001:000207F5
  4196 0001:0002080E  4197 0001:00020812  4198 0001:00020828  4199 0001:0002082E
  4203 0001:0002083E  4204 0001:00020851  4206 0001:00020858  4208 0001:00020861
  4209 0001:00020874  4212 0001:0002087B  4240 0001:0002088B  4242 0001:000208A5
  4243 0001:000208B5  4244 0001:000208C5  4245 0001:000208D5  4246 0001:000208E5
  4247 0001:000208F5  4248 0001:00020905  4249 0001:00020915  4250 0001:00020925
  4251 0001:00020935  4252 0001:00020945  4253 0001:00020955  4254 0001:00020965
  4255 0001:00020975  4256 0001:00020985  4257 0001:00020995  4260 0001:00020999
  4261 0001:000209A9  4276 0001:000209D0  4277 0001:000209DC  4278 0001:000209E8
  4287 0001:000209F5  4288 0001:00020A02  4289 0001:00020A12  4291 0001:00020A22
  4292 0001:00020A31  4293 0001:00020A44  4295 0001:00020A57  4296 0001:00020A6C
  4297 0001:00020A7C  4301 0001:00020A8C  4307 0001:00020A9C  4310 0001:00020AAC
  4311 0001:00020ABC  4312 0001:00020ACC  4314 0001:00020ADC  4318 0001:00020AEE
  4320 0001:00020AF5  4321 0001:00020B14  4322 0001:00020B18  4323 0001:00020B1A
  4325 0001:00020B26  4327 0001:00020B3F  4328 0001:00020B4C  4330 0001:00020B51
  4324 0001:00020B71  4333 0001:00020B81  4334 0001:00020B87  4336 0001:00020B95
  4337 0001:00020BB0  4338 0001:00020BB5  4340 0001:00020BB7  4335 0001:00020BD4
  4342 0001:00020BE1  4344 0001:00020BE3  4319 0001:00020C00  4367 0001:00020C11
  4368 0001:00020C1B  4369 0001:00020C24  4370 0001:00020C33  4371 0001:00020C3C
  4372 0001:00020C4B  4373 0001:00020C54  4374 0001:00020C63  4375 0001:00020C6C
  4376 0001:00020C7B  4377 0001:00020C84  4378 0001:00020C93  4379 0001:00020C9C
  4380 0001:00020CAB  4381 0001:00020CC1  4383 0001:00020CCF  4384 0001:00020CDE
  4386 0001:00020CFF  4388 0001:00020D0F  4390 0001:00020D11  4382 0001:00020D2E
  4394 0001:00020D3D  4395 0001:00020D4A  4396 0001:00020D4F  4397 0001:00020D56
  4398 0001:00020D5D  4400 0001:00020D6B  4401 0001:00020D76  4403 0001:00020D97
  4405 0001:00020DA7  4407 0001:00020DA9  4399 0001:00020DC8  4411 0001:00020DD7
  4413 0001:00020DE4  4414 0001:00020DF0  4416 0001:00020DF4  4417 0001:00020E06
  4419 0001:00020E0A  4420 0001:00020E1A  4422 0001:00020E1C  4423 0001:00020E1E
  4415 0001:00020E3B  4458 0001:00020E4A  4460 0001:00020E58  4461 0001:00020E67
  4463 0001:00020E88  4465 0001:00020E98  4467 0001:00020E9A  4459 0001:00020EB7
  4470 0001:00020EC6  4471 0001:00020ED9  4473 0001:00020EE4  4474 0001:00020EEF
  4476 0001:00020F10  4478 0001:00020F20  4480 0001:00020F22  4472 0001:00020F3F
  4483 0001:00020F4E  4484 0001:00020F58  4486 0001:00020F63  4487 0001:00020F6E
  4489 0001:00020F8F  4491 0001:00020F9F  4493 0001:00020FA1  4485 0001:00020FBE
  4496 0001:00020FCD  4497 0001:00020FDA  4498 0001:00020FE6  4499 0001:00020FED
  4500 0001:00020FF1  4501 0001:00020FF6  4503 0001:00021004  4504 0001:00021009
  4506 0001:0002102A  4508 0001:0002103A  4510 0001:0002103C  4502 0001:0002105B
  4515 0001:0002106A  4516 0001:0002107C  4517 0001:00021081  4518 0001:00021086
  4519 0001:0002108F  4521 0001:00021094  4522 0001:0002109D  4525 0001:000210D5
  4530 0001:000213A8  4537 0001:000213AA  4538 0001:000213C9  4539 0001:000213CE
  4540 0001:000213D3  4541 0001:000213D8  4542 0001:000213DD  4543 0001:000213E2
  4544 0001:000213F4  4545 0001:00021408  4546 0001:00021416  4547 0001:00021423
  4549 0001:00021431  4550 0001:0002143C  4551 0001:00021443  4552 0001:00021456
  4551 0001:00021466  4553 0001:00021469  4555 0001:00021479  4556 0001:00021482
  4557 0001:00021488  4558 0001:0002148F  4559 0001:00021495  4562 0001:000214A1
  4573 0001:000214A4  4575 0001:0002157F  4564 0001:00021584  4565 0001:0002159E
  4567 0001:000215A6  4568 0001:000215AB  4569 0001:000215B0  4571 0001:000215CC

Line numbers for Converter(Converter.pas) segment .text

    45 0001:00097FE8    47 0001:00098015    48 0001:00098022    52 0001:0009802F
    53 0001:0009803E    54 0001:0009804D    56 0001:00098070    57 0001:0009807A
    58 0001:00098081    59 0001:0009809F    60 0001:000980AF    61 0001:000980CD
    62 0001:000980D3    63 0001:000980EC    64 0001:00098126    69 0001:00098179
    61 0001:0009817B    55 0001:00098184    73 0001:0009819B    74 0001:000981AA
    75 0001:000981B9    78 0001:000981DC    79 0001:000981E6    81 0001:000981ED
    82 0001:0009820B    83 0001:0009821B    85 0001:00098239    77 0001:000982F7
    92 0001:0009830E    93 0001:0009831D    94 0001:0009832C    96 0001:0009834F
    97 0001:00098359    99 0001:00098360   100 0001:0009837E   101 0001:0009838E
   102 0001:000983AA   103 0001:000983C8   104 0001:000983E6   105 0001:00098404
   107 0001:00098414   108 0001:00098433   109 0001:0009845D   110 0001:0009846E
   111 0001:00098498   112 0001:000984C3   113 0001:000984F0   114 0001:0009851D
   115 0001:0009854A   116 0001:00098577   117 0001:000985A4   118 0001:000985D1
   119 0001:000985FE   120 0001:0009861F   108 0001:00098621   122 0001:0009862A
   128 0001:0009866B    95 0001:00098689   132 0001:000986A0   133 0001:000986AF
   134 0001:000986BE   136 0001:000986E1   137 0001:000986EB   139 0001:000986F2
   140 0001:00098710   141 0001:00098720   143 0001:0009873C   144 0001:0009875A
   145 0001:00098778   146 0001:00098796   148 0001:000987B4   150 0001:000987C4
   151 0001:000987E3   152 0001:000987FB   153 0001:0009880C   154 0001:0009882B
   151 0001:0009882D   156 0001:00098832   158 0001:0009886F   135 0001:00098879
   163 0001:00098890   164 0001:0009889F   165 0001:000988AE   167 0001:000988D1
   168 0001:000988DB   170 0001:000988E2   171 0001:00098900   172 0001:00098910
   173 0001:00098932   175 0001:00098942   176 0001:00098967   177 0001:0009896B
   178 0001:000989B1   179 0001:000989E1   176 0001:000989E3   181 0001:000989E8
   182 0001:00098A16   184 0001:00098A38   185 0001:00098A6C   186 0001:00098A7E
   188 0001:00098A86   189 0001:00098ACE   190 0001:00098AD4   187 0001:00098AD6
   194 0001:00098AE4   195 0001:00098AE9   197 0001:00098B13   201 0001:00098B1A
   202 0001:00098B38   203 0001:00098B56   204 0001:00098B74   166 0001:00098B92
   211 0001:00098BA9   212 0001:00098BB8   213 0001:00098BC7   215 0001:00098BEA
   216 0001:00098BF4   218 0001:00098BFB   219 0001:00098C19   220 0001:00098C29
   222 0001:00098C4B   223 0001:00098C69   224 0001:00098C87   225 0001:00098CA5
   226 0001:00098CC3   228 0001:00098CD3   229 0001:00098D03   230 0001:00098D98
   231 0001:00098DA2   228 0001:00098DA4   214 0001:00098DAD   235 0001:00098DC4
   236 0001:00098DD3   237 0001:00098DE2   239 0001:00098E05   240 0001:00098E0F
   242 0001:00098E16   243 0001:00098E34   245 0001:00098E44   246 0001:00098E48
   247 0001:00098E78   248 0001:00098E89   245 0001:00098E8B   250 0001:00098E90
   251 0001:00098EA8   238 0001:00098EB2   255 0001:00098EC9   256 0001:00098ED8
   257 0001:00098EE7   259 0001:00098F0A   260 0001:00098F14   262 0001:00098F1B
   263 0001:00098F39   265 0001:00098F49   266 0001:00098F55   267 0001:00098F59
   268 0001:00098F9F   269 0001:00098FCF   270 0001:00098FDB   266 0001:00098FDD
   272 0001:00098FE6   273 0001:00099004   274 0001:00099022   275 0001:00099040
   277 0001:00099050   278 0001:0009905C   279 0001:00099088   280 0001:00099099
   281 0001:000990C6   282 0001:000990E8   278 0001:000990EA   284 0001:000990EF
   285 0001:000990FB   287 0001:00099105   258 0001:00099123   291 0001:0009913A
   292 0001:00099149   293 0001:00099158   295 0001:0009917B   296 0001:00099185
   298 0001:0009918C   299 0001:000991AA   300 0001:000991BA   302 0001:000991DC
   303 0001:000991FA   305 0001:0009920A   306 0001:0009922F   307 0001:00099257
   309 0001:000992E7   310 0001:000992F1   305 0001:000992F3   312 0001:000992FC
   313 0001:0009931A   314 0001:00099338   294 0001:00099356   318 0001:0009936D
   319 0001:0009937C   320 0001:0009938B   322 0001:000993AE   323 0001:000993B8
   325 0001:000993BF   326 0001:000993DD   327 0001:000993ED   328 0001:0009940F
   329 0001:0009942D   330 0001:0009944B   332 0001:0009945B   333 0001:0009945F
   334 0001:00099490   335 0001:000994C0   336 0001:0009950C   337 0001:00099544
   338 0001:0009957D   339 0001:000995B8   340 0001:000995F3   341 0001:000995FD
   332 0001:000995FF   343 0001:00099608   344 0001:00099626   321 0001:00099644
   348 0001:0009965B   349 0001:0009966A   350 0001:00099679   352 0001:0009969C
   353 0001:000996A6   354 0001:000996AD   355 0001:000996CB   356 0001:000996DB
   357 0001:000996FD   358 0001:0009971B   359 0001:00099739   361 0001:00099749
   362 0001:0009976E   363 0001:0009979E   364 0001:000997AF   365 0001:000997E0
   366 0001:00099813   367 0001:00099846   368 0001:00099879   369 0001:000998AC
   370 0001:000998DF   371 0001:00099912   372 0001:00099945   373 0001:00099978
   375 0001:0009999F   362 0001:000999A1   377 0001:000999AA   383 0001:000999F7
   384 0001:00099A15   351 0001:00099A33   388 0001:00099A4A   389 0001:00099A59
   390 0001:00099A68   392 0001:00099A8B   393 0001:00099A95   394 0001:00099A9C
   395 0001:00099ABA   396 0001:00099ACA   397 0001:00099B10   398 0001:00099B61
   399 0001:00099B65   400 0001:00099B96   401 0001:00099BA9   402 0001:00099BB5
   398 0001:00099BB7   403 0001:00099BBC   391 0001:00099BC6   407 0001:00099BDD
   408 0001:00099BEC   409 0001:00099BFB   411 0001:00099C1E   412 0001:00099C28
   413 0001:00099C2F   414 0001:00099C4D   415 0001:00099C5D   416 0001:00099CA9
   417 0001:00099CDF   418 0001:00099CE3   419 0001:00099CE8   420 0001:00099D18
   421 0001:00099D2B   423 0001:00099D37   417 0001:00099D39   424 0001:00099D3E
   410 0001:00099D6C   428 0001:00099D83   429 0001:00099D92   430 0001:00099DA1
   432 0001:00099DC4   433 0001:00099DCE   434 0001:00099DD5   435 0001:00099DF3
   436 0001:00099E03   437 0001:00099E25   438 0001:00099E43   440 0001:00099E53
   441 0001:00099E78   442 0001:00099EA4   443 0001:00099EB5   444 0001:00099EE3
   445 0001:00099F07   441 0001:00099F09   447 0001:00099F0E   449 0001:00099F53
   450 0001:00099F71   451 0001:00099F8F   431 0001:00099FAD   455 0001:00099FC4
   456 0001:00099FD3   457 0001:00099FE2   459 0001:0009A005   460 0001:0009A00F
   462 0001:0009A016   463 0001:0009A034   464 0001:0009A044   465 0001:0009A066
   466 0001:0009A084   468 0001:0009A094   469 0001:0009A0B9   470 0001:0009A0E9
   471 0001:0009A0FA   472 0001:0009A12B   473 0001:0009A15E   474 0001:0009A191
   475 0001:0009A1C4   476 0001:0009A1F7   477 0001:0009A22A   478 0001:0009A25D
   479 0001:0009A290   480 0001:0009A2C3   481 0001:0009A2EA   469 0001:0009A2EC
   483 0001:0009A2F5   458 0001:0009A342   492 0001:0009A359   493 0001:0009A368
   494 0001:0009A377   496 0001:0009A39A   497 0001:0009A3A4   499 0001:0009A3AB
   500 0001:0009A3C9   502 0001:0009A3D9   503 0001:0009A40C   504 0001:0009A42E
   505 0001:0009A432   506 0001:0009A46D   507 0001:0009A4A8   508 0001:0009A4DE
   509 0001:0009A4EF   504 0001:0009A4F1   511 0001:0009A4FA   514 0001:0009A524
   515 0001:0009A542   516 0001:0009A560   517 0001:0009A57E   495 0001:0009A59C
   520 0001:0009A600   523 0001:0009AA5C   524 0001:0009AA91   526 0001:0009AA95
   527 0001:0009AA9E   528 0001:0009AAAE   529 0001:0009AABA   530 0001:0009AAC6
   531 0001:0009AAD7   532 0001:0009AAE0   533 0001:0009AAF1   534 0001:0009AAF7
   535 0001:0009AB08   536 0001:0009AB2B   537 0001:0009AB4E   538 0001:0009AB71
   541 0001:0009AB94   542 0001:0009AB9F   543 0001:0009ABAD   546 0001:0009ABC5
   550 0001:0009ABD4   551 0001:0009ABD9   552 0001:0009ABE9   555 0001:0009ABF5
   556 0001:0009AC00   558 0001:0009AC07   560 0001:0009AC14   561 0001:0009AC49
   562 0001:0009AC57   565 0001:0009AC72   567 0001:0009AC7E   568 0001:0009AC82
   571 0001:0009AC84   572 0001:0009AC92   575 0001:0009ACA8   578 0001:0009ACB4
   581 0001:0009ACC0   582 0001:0009ACFE   586 0001:0009AE08   587 0001:0009AE19
   588 0001:0009AE25   589 0001:0009AE31   591 0001:0009AE78   591 0001:0009AE7F

Line numbers for SQL(C:\Documents and Settings\Cobax\Desktop\The Fusion Project\SQLConverter\SQL.dpr) segment .text

    10 0001:0009B0E8    11 0001:0009B0F8    12 0001:0009B104    13 0001:0009B115
    14 0001:0009B12D    15 0001:0009B139

Bound resource files

C:\Program Files\madCollection\madExcept\Delphi 6\mei.res
c:\program files\borland\delphi6\Lib\CONTROLS.RES
Converter.dfm
SQL.res
SQL.drf


Program entry point at 0001:0009B0E8
